<html>
<body>
<pre>
<h1>礦ision Build Log</h1>
<h2>Project:</h2>
F:\清华\电设\Project_2016\Project\Sample_Lib.uvproj
Project File Date:  10/18/2016

<h2>Output:</h2>
Build target 'Target 1'
compiling POINTS.C...
linking...
Program Size: Code=29464 RO-data=2152 RW-data=464 ZI-data=5848  
".\Outputs\Sample_Lib.axf" - 0 Error(s), 0 Warning(s).
</pre>
</body>
</html>
ling stm32f10x_rcc.c...
compiling stm32f10x_tim.c...
compiling stm32f10x_usart.c...
compiling stm32f10x_adc.c...
compiling misc.c...
compiling stm32f10x_dma.c...
compiling PWM.C...
compiling Driver.c...
compiling ADC.c...
compiling UART.C...
compiling IMU.c...
compiling TONE.C...
compiling Calc.c...
compiling Speed.c...
compiling COM.C...
compiling Angle.c...
compiling MUSIC.C...
compiling Exec.c...
compiling Musics.c...
compiling POINTS.C...
linking...
Program Size: Code=29436 RO-data=2148 RW-data=464 ZI-data=5848  
".\Outputs\Sample_Lib.axf" - 0 Error(s), 0 Warning(s).
