ARM Linker, 5.03 [Build 76] [MDK-ARM Standard]

==============================================================================

Section Cross References

    startup_stm32f10x_hd.o(STACK) refers (Special) to heapauxi.o(.text) for __use_two_region_memory
    startup_stm32f10x_hd.o(HEAP) refers (Special) to heapauxi.o(.text) for __use_two_region_memory
    startup_stm32f10x_hd.o(RESET) refers (Special) to heapauxi.o(.text) for __use_two_region_memory
    startup_stm32f10x_hd.o(RESET) refers to startup_stm32f10x_hd.o(STACK) for __initial_sp
    startup_stm32f10x_hd.o(RESET) refers to startup_stm32f10x_hd.o(.text) for Reset_Handler
    startup_stm32f10x_hd.o(RESET) refers to stm32f10x_it.o(.text) for NMI_Handler
    startup_stm32f10x_hd.o(RESET) refers to adc.o(.text) for DMA1_Channel1_IRQHandler
    startup_stm32f10x_hd.o(RESET) refers to uart.o(.text) for USART1_IRQHandler
    startup_stm32f10x_hd.o(.text) refers (Special) to heapauxi.o(.text) for __use_two_region_memory
    startup_stm32f10x_hd.o(.text) refers to system_stm32f10x.o(.text) for SystemInit
    startup_stm32f10x_hd.o(.text) refers to __main.o(!!!main) for __main
    startup_stm32f10x_hd.o(.text) refers to startup_stm32f10x_hd.o(HEAP) for Heap_Mem
    startup_stm32f10x_hd.o(.text) refers to startup_stm32f10x_hd.o(STACK) for Stack_Mem
    main.o(.text) refers to stm32f10x_rcc.o(.text) for RCC_APB2PeriphClockCmd
    main.o(.text) refers to stm32f10x_gpio.o(.text) for GPIO_Init
    main.o(.text) refers to sysconfig.o(.text) for System_Init
    main.o(.text) refers to exec.o(.text) for EL_Init
    main.o(.text) refers to music.o(.text) for EL_MUSIC_ChangeStatus
    main.o(.text) refers to points.o(.text) for EL_POINTS_SetDirectMinDistance
    main.o(.text) refers to com.o(.text) for CL_COM_SendPos
    main.o(.text) refers to main.o(.constdata) for .constdata
    main.o(.text) refers to sysconfig.o(.data) for TimeTicket
    main.o(.text) refers to com.o(.bss) for CL_COM_Data
    stm32f10x_it.o(.text) refers to sysconfig.o(.text) for TimeTicketSevice
    stm32f10x_it.o(.text) refers to exec.o(.text) for EL_Tick
    stm32f10x_it.o(.text) refers to sysconfig.o(.data) for TimeTicket
    system_stm32f10x.o(.text) refers to system_stm32f10x.o(.data) for SystemCoreClock
    sysconfig.o(.text) refers to misc.o(.text) for NVIC_PriorityGroupConfig
    sysconfig.o(.text) refers to sysconfig.o(.data) for TimeTicket
    stm32f10x_gpio.o(.text) refers to stm32f10x_rcc.o(.text) for RCC_APB2PeriphResetCmd
    stm32f10x_rcc.o(.text) refers to stm32f10x_rcc.o(.data) for APBAHBPrescTable
    stm32f10x_tim.o(.text) refers to stm32f10x_rcc.o(.text) for RCC_APB2PeriphResetCmd
    stm32f10x_usart.o(.text) refers to stm32f10x_rcc.o(.text) for RCC_APB2PeriphResetCmd
    stm32f10x_adc.o(.text) refers to stm32f10x_rcc.o(.text) for RCC_APB2PeriphResetCmd
    pwm.o(.text) refers to stm32f10x_rcc.o(.text) for RCC_APB2PeriphClockCmd
    pwm.o(.text) refers to stm32f10x_gpio.o(.text) for GPIO_Init
    pwm.o(.text) refers to stm32f10x_tim.o(.text) for TIM_TimeBaseInit
    pwm.o(.text) refers to fdiv.o(x$fpl$fdiv) for __aeabi_fdiv
    pwm.o(.text) refers to faddsub_clz.o(x$fpl$fsub) for __aeabi_fsub
    pwm.o(.text) refers to ffixu.o(x$fpl$ffixu) for __aeabi_f2uiz
    pwm.o(.text) refers to pwm.o(.data) for NeedTone
    driver.o(.text) refers to pwm.o(.text) for DL_PWM_Init
    driver.o(.text) refers to adc.o(.text) for DL_ADC_Init
    driver.o(.text) refers to uart.o(.text) for DL_UART_Init
    driver.o(.text) refers to imu.o(.text) for DL_IMU_Init
    driver.o(.text) refers to driver.o(.data) for tmp
    adc.o(.text) refers to stm32f10x_rcc.o(.text) for RCC_APB2PeriphClockCmd
    adc.o(.text) refers to stm32f10x_gpio.o(.text) for GPIO_Init
    adc.o(.text) refers to stm32f10x_adc.o(.text) for ADC_Init
    adc.o(.text) refers to stm32f10x_dma.o(.text) for DMA_DeInit
    adc.o(.text) refers to misc.o(.text) for NVIC_Init
    adc.o(.text) refers to adc.o(.data) for ADCValue
    adc.o(.text) refers to adc.o(.bss) for ADC_Value_SMD
    uart.o(.text) refers to stm32f10x_rcc.o(.text) for RCC_APB2PeriphClockCmd
    uart.o(.text) refers to stm32f10x_gpio.o(.text) for GPIO_Init
    uart.o(.text) refers to stm32f10x_usart.o(.text) for USART_DeInit
    uart.o(.text) refers to misc.o(.text) for NVIC_Init
    uart.o(.text) refers to uart.o(.data) for RandomSeed
    uart.o(.text) refers to uart.o(.bss) for DL_UART_Data
    imu.o(.text) refers to stm32f10x_gpio.o(.text) for GPIO_ResetBits
    imu.o(.text) refers to stm32f10x_rcc.o(.text) for RCC_APB2PeriphClockCmd
    imu.o(.text) refers to imu.o(.data) for MPUOFF
    imu.o(.text) refers to feqf.o(x$fpl$feqf) for __aeabi_cfcmpeq
    imu.o(.text) refers to fflt_clz.o(x$fpl$fflt) for __aeabi_i2f
    imu.o(.text) refers to faddsub_clz.o(x$fpl$fsub) for __aeabi_fsub
    imu.o(.text) refers to faddsub_clz.o(x$fpl$fadd) for __aeabi_fadd
    imu.o(.text) refers to fflt_clz.o(x$fpl$ffltu) for __aeabi_ui2f
[...]
    _fsub1                                   0x08007213   Thumb Code     0  faddsub_clz.o(x$fpl$fsub)
    x$fpl$retnan                             0x080072ee   Section      100  retnan.o(x$fpl$retnan)
    x$fpl$scalbn                             0x08007352   Section       92  scalbn.o(x$fpl$scalbn)
    x$fpl$scalbnf                            0x080073ae   Section       76  scalbnf.o(x$fpl$scalbnf)
    x$fpl$trapveneer                         0x080073fa   Section       48  trapv.o(x$fpl$trapveneer)
    x$fpl$usenofp                            0x0800742a   Section        0  usenofp.o(x$fpl$usenofp)
    .constdata                               0x0800742c   Section        2  main.o(.constdata)
    .constdata                               0x0800742e   Section       28  tone.o(.constdata)
    .constdata                               0x0800744c   Section       90  music.o(.constdata)
    .constdata                               0x080074a6   Section     1544  musics.o(.constdata)
    .constdata                               0x08007ab0   Section      136  pow.o(.constdata)
    bp                                       0x08007ab0   Data          16  pow.o(.constdata)
    dp_h                                     0x08007ac0   Data          16  pow.o(.constdata)
    dp_l                                     0x08007ad0   Data          16  pow.o(.constdata)
    L                                        0x08007ae0   Data          48  pow.o(.constdata)
    P                                        0x08007b10   Data          40  pow.o(.constdata)
    .constdata                               0x08007b38   Section        8  qnan.o(.constdata)
    .data                                    0x20000000   Section       20  system_stm32f10x.o(.data)
    .data                                    0x20000014   Section        4  sysconfig.o(.data)
    .data                                    0x20000018   Section       20  stm32f10x_rcc.o(.data)
    APBAHBPrescTable                         0x20000018   Data          16  stm32f10x_rcc.o(.data)
    ADCPrescTable                            0x20000028   Data           4  stm32f10x_rcc.o(.data)
    .data                                    0x2000002c   Section        6  pwm.o(.data)
    .data                                    0x20000032   Section        6  driver.o(.data)
    .data                                    0x20000038   Section       14  adc.o(.data)
    count                                    0x2000003e   Data           2  adc.o(.data)
    .data                                    0x20000046   Section      242  uart.o(.data)
    .data                                    0x20000138   Section       44  imu.o(.data)
    step                                     0x20000158   Data           2  imu.o(.data)
    time                                     0x2000015c   Data           8  imu.o(.data)
    .data                                    0x20000164   Section        4  tone.o(.data)
    .data                                    0x20000168   Section       34  speed.o(.data)
    .data                                    0x2000018a   Section        5  com.o(.data)
    .data                                    0x20000190   Section       24  angle.o(.data)
    .data                                    0x200001a8   Section       21  music.o(.data)
    .data                                    0x200001be   Section       16  points.o(.data)
    .bss                                     0x200001d0   Section       12  adc.o(.bss)
    .bss                                     0x200001dc   Section       68  uart.o(.bss)
    .bss                                     0x20000220   Section       32  speed.o(.bss)
    .bss                                     0x20000240   Section       40  com.o(.bss)
    .bss                                     0x20000268   Section     4060  angle.o(.bss)
    .bss                                     0x20001244   Section       96  libspace.o(.bss)
    HEAP                                     0x200012a8   Section      512  startup_stm32f10x_hd.o(HEAP)
    Heap_Mem                                 0x200012a8   Data         512  startup_stm32f10x_hd.o(HEAP)
    STACK                                    0x200014a8   Section     1024  startup_stm32f10x_hd.o(STACK)
    Stack_Mem                                0x200014a8   Data        1024  startup_stm32f10x_hd.o(STACK)
    __initial_sp                             0x200018a8   Data           0  startup_stm32f10x_hd.o(STACK)

    Global Symbols

    Symbol Name                              Value     Ov Type        Size  Object(Section)

    BuildAttributes$$THM_ISAv4$P$D$K$B$S$PE$A:L22UL41UL21$X:L11$S22US41US21$IEEE1$IW$USESV6$~STKCKD$USESV7$~SHL$OTIME$ROPI$IEEEX$EBA8$UX$STANDARDLIB$REQ8$PRES8$EABIv2 0x00000000   Number         0  anon$$obj.o ABSOLUTE
    __ARM_use_no_argv                        0x00000000   Number         0  main.o ABSOLUTE
    __ARM_exceptions_init                     - Undefined Weak Reference
    __alloca_initialize                       - Undefined Weak Reference
    __cpp_initialize__aeabi_                  - Undefined Weak Reference
    __cxa_finalize                            - Undefined Weak Reference
    __rt_locale                               - Undefined Weak Reference
    __sigvec_lookup                           - Undefined Weak Reference
    _atexit_init                              - Undefined Weak Reference
    _call_atexit_fns                          - Undefined Weak Reference
    _clock_init                               - Undefined Weak Reference
    _fp_trap_init                             - Undefined Weak Reference
    _fp_trap_shutdown                         - Undefined Weak Reference
    _get_lc_collate                           - Undefined Weak Reference
    _get_lc_ctype                             - Undefined Weak Reference
    _get_lc_monetary                          - Undefined Weak Reference
    _get_lc_numeric                           - Undefined Weak Reference
    _get_lc_time                              - Undefined Weak Reference
    _getenv_init                              - Undefined Weak Reference
    _handle_redirection                       - Undefined Weak Reference
    _init_alloc                               - Undefined Weak Reference
    _init_user_alloc                          - Undefined Weak Reference
    _initio                                   - Undefined Weak Reference
    _rand_init                                - Undefined Weak Reference
    _signal_finish                            - Undefined Weak Reference
    _signal_init                              - Undefined Weak Reference
    _terminate_alloc                          - Undefined Weak Reference
    _terminate_user_alloc                     - Undefined Weak Reference
    _terminateio                              - Undefined Weak Reference
    __Vectors_Size                           0x00000130   Number         0  startup_stm32f10x_hd.o ABSOLUTE
    __Vectors                                0x08000000   Data           4  startup_stm32f10x_hd.o(RESET)
    __Vectors_End                            0x08000130   Data           0  startup_stm32f10x_hd.o(RESET)
    __main                                   0x08000131   Thumb Code     8  __main.o(!!!main)
    __scatterload                            0x08000139   Thumb Code     0  __scatter.o(!!!scatter)
    __scatterload_rt2                        0x08000139   Thumb Code    44  __scatter.o(!!!scatter)
    __scatterload_rt2_thumb_only             0x08000139   Thumb Code     0  __scatter.o(!!!scatter)
    __scatterload_null                       0x08000147   Thumb Code     0  __scatter.o(!!!scatter)
    __decompress                             0x0800016d   Thumb Code    90  __dczerorl2.o(!!dczerorl2)
    __decompress1                            0x0800016d   Thumb Code     0  __dczerorl2.o(!!dczerorl2)
    __scatterload_zeroinit                   0x080001c9   Thumb Code    28  __scatter_zi.o(!!handler_zi)
    __rt_lib_init                            0x080001e5   Thumb Code     0  libinit.o(.ARM.Collect$$libinit$$00000000)
    __rt_lib_init_alloca_1                   0x080001e7   Thumb Code     0  libinit2.o(.ARM.Collect$$libinit$$0000002C)
    __rt_lib_init_argv_1                     0x080001e7   Thumb Code     0  libinit2.o(.ARM.Collect$$libinit$$0000002A)
    __rt_lib_init_atexit_1                   0x080001e7   Thumb Code     0  libinit2.o(.ARM.Collect$$libinit$$00000019)
    __rt_lib_init_clock_1                    0x080001e7   Thumb Code     0  libinit2.o(.ARM.Collect$$libinit$$0000001F)
    __rt_lib_init_cpp_1                      0x080001e7   Thumb Code     0  libinit2.o(.ARM.Collect$$libinit$$00000030)
    __rt_lib_init_exceptions_1               0x080001e7   Thumb Code     0  libinit2.o(.ARM.Collect$$libinit$$0000002E)
    __rt_lib_init_fp_1                       0x080001e7   Thumb Code     0  libinit2.o(.ARM.Collect$$libinit$$00000002)
    __rt_lib_init_fp_trap_1                  0x080001e7   Thumb Code     0  libinit2.o(.ARM.Collect$$libinit$$0000001D)
    __rt_lib_init_getenv_1                   0x080001e7   Thumb Code     0  libinit2.o(.ARM.Collect$$libinit$$00000021)
    __rt_lib_init_heap_1                     0x080001e7   Thumb Code     0  libinit2.o(.ARM.Collect$$libinit$$00000008)
    __rt_lib_init_lc_collate_1               0x080001e7   Thumb Code     0  libinit2.o(.ARM.Collect$$libinit$$0000000F)
    __rt_lib_init_lc_ctype_1                 0x080001e7   Thumb Code     0  libinit2.o(.ARM.Collect$$libinit$$00000011)
    __rt_lib_init_lc_monetary_1              0x080001e7   Thumb Code     0  libinit2.o(.ARM.Collect$$libinit$$00000013)
    __rt_lib_init_lc_numeric_1               0x080001e7   Thumb Code     0  libinit2.o(.ARM.Collect$$libinit$$00000015)
    __rt_lib_init_lc_time_1                  0x080001e7   Thumb Code     0  libinit2.o(.ARM.Collect$$libinit$$00000017)
    __rt_lib_init_rand_1                     0x080001e7   Thumb Code     0  libinit2.o(.ARM.Collect$$libinit$$0000000C)
    __rt_lib_init_return                     0x080001e7   Thumb Code     0  libinit2.o(.ARM.Collect$$libinit$$00000031)
    __rt_lib_init_signal_1                   0x080001e7   Thumb Code     0  libinit2.o(.ARM.Collect$$libinit$$0000001B)
    __rt_lib_init_stdio_1                    0x080001e7   Thumb Code     0  libinit2.o(.ARM.Collect$$libinit$$00000023)
    __rt_lib_init_user_alloc_1               0x080001e7   Thumb Code     0  libinit2.o(.ARM.Collect$$libinit$$0000000A)
    __rt_lib_shutdown                        0x080001e9   Thumb Code     0  libshutdown.o(.ARM.Collect$$libshutdown$$00000000)
    __rt_lib_shutdown_fp_trap_1              0x080001eb   Thumb Code     0  libshutdown2.o(.ARM.Collect$$libshutdown$$00000006)
    __rt_lib_shutdown_heap_1                 0x080001eb   Thumb Code     0  libshutdown2.o(.ARM.Collect$$libshutdown$$0000000E)
    __rt_lib_shutdown_return                 0x080001eb   Thumb Code     0  libshutdown2.o(.ARM.Collect$$libshutdown$$0000000F)
    __rt_lib_shutdown_signal_1               0x080001eb   Thumb Code     0  libshutdown2.o(.ARM.Collect$$libshutdown$$00000009)
    __rt_lib_shutdown_stdio_1                0x080001eb   Thumb Code     0  libshutdown2.o(.ARM.Collect$$libshutdown$$00000003)
    __rt_lib_shutdown_user_alloc_1           0x080001eb   Thumb Code     0  libshutdown2.o(.ARM.Collect$$libshutdown$$0000000B)
    __rt_entry                               0x080001ed   Thumb Code     0  rtentry.o(.ARM.Collect$$rtentry$$00000000)
    __rt_entry_presh_1                       0x080001ed   Thumb Code     0  rtentry2.o(.ARM.Collect$$rtentry$$00000002)
    __rt_entry_sh                            0x080001ed   Thumb Code     0  rtentry4.o(.ARM.Collect$$rtentry$$00000004)
    __rt_entry_li                            0x080001f3   Thumb Code     0  rtentry2.o(.ARM.Collect$$rtentry$$0000000A)
    __rt_entry_postsh_1                      0x080001f3   Thumb Code     0  rtentry2.o(.ARM.Collect$$rtentry$$00000009)
    __rt_entry_main                          0x080001f7   Thumb Code     0  rtentry2.o(.ARM.Collect$$rtentry$$0000000D)
    __rt_entry_postli_1                      0x080001f7   Thumb Code     0  rtentry2.o(.ARM.Collect$$rtentry$$0000000C)
    __rt_exit                                0x080001ff   Thumb Code     0  rtexit.o(.ARM.Collect$$rtexit$$00000000)
    __rt_exit_ls                             0x08000201   Thumb Code     0  rtexit2.o(.ARM.Collect$$rtexit$$00000003)
    __rt_exit_prels_1                        0x08000201   Thumb Code     0  rtexit2.o(.ARM.Collect$$rtexit$$00000002)
    __rt_exit_exit                           0x08000205   Thumb Code     0  rtexit2.o(.ARM.Collect$$rtexit$$00000004)
    Reset_Handler                            0x0800020d   Thumb Code     8  startup_stm32f10x_hd.o(.text)
    ADC1_2_IRQHandler                        0x08000227   Thumb Code     0  startup_stm32f10x_hd.o(.text)
    ADC3_IRQHandler                          0x08000227   Thumb Code     0  startup_stm32f10x_hd.o(.text)
    CAN1_RX1_IRQHandler                      0x08000227   Thumb Code     0  startup_stm32f10x_hd.o(.text)
    CAN1_SCE_IRQHandler                      0x08000227   Thumb Code     0  startup_stm32f10x_hd.o(.text)
    DMA1_Channel2_IRQHandler                 0x08000227   Thumb Code     0  startup_stm32f10x_hd.o(.text)
    DMA1_Channel3_IRQHandler                 0x08000227   Thumb Code     0  startup_stm32f10x_hd.o(.text)
    DMA1_Channel4_IRQHandler                 0x08000227   Thumb Code     0  startup_stm32f10x_hd.o(.text)
    DMA1_Channel5_IRQHandler                 0x08000227   Thumb Code     0  startup_stm32f10x_hd.o(.text)
    DMA1_Channel6_IRQHandler                 0x08000227   Thumb Code     0  startup_stm32f10x_hd.o(.text)
    DMA1_Channel7_IRQHandler                 0x08000227   Thumb Code     0  startup_stm32f10x_hd.o(.text)
    DMA2_Channel1_IRQHandler                 0x08000227   Thumb Code     0  startup_stm32f10x_hd.o(.text)
    DMA2_Channel2_IRQHandler                 0x08000227   Thumb Code     0  startup_stm32f10x_hd.o(.text)
    DMA2_Channel3_IRQHandler                 0x08000227   Thumb Code     0  startup_stm32f10x_hd.o(.text)
    DMA2_Channel4_5_IRQHandler               0x08000227   Thumb Code     0  startup_stm32f10x_hd.o(.text)
    EXTI0_IRQHandler                         0x08000227   Thumb Code     0  startup_stm32f10x_hd.o(.text)
    EXTI15_10_IRQHandler                     0x08000227   Thumb Code     0  startup_stm32f10x_hd.o(.text)
    EXTI1_IRQHandler                         0x08000227   Thumb Code     0  startup_stm32f10x_hd.o(.text)
    EXTI2_IRQHandler                         0x08000227   Thumb Code     0  startup_stm32f10x_hd.o(.text)
    EXTI3_IRQHandler                         0x08000227   Thumb Code     0  startup_stm32f10x_hd.o(.text)
    EXTI4_IRQHandler                         0x08000227   Thumb Code     0  startup_stm32f10x_hd.o(.text)
    EXTI9_5_IRQHandler                       0x08000227   Thumb Code     0  startup_stm32f10x_hd.o(.text)
    FLASH_IRQHandler                         0x08000227   Thumb Code     0  startup_stm32f10x_hd.o(.text)
    FSMC_IRQHandler                          0x08000227   Thumb Code     0  startup_stm32f10x_hd.o(.text)
    I2C1_ER_IRQHandler                       0x08000227   Thumb Code     0  startup_stm32f10x_hd.o(.text)
    I2C1_EV_IRQHandler                       0x08000227   Thumb Code     0  startup_stm32f10x_hd.o(.text)
    I2C2_ER_IRQHandler                       0x08000227   Thumb Code     0  startup_stm32f10x_hd.o(.text)
    I2C2_EV_IRQHandler                       0x08000227   Thumb Code     0  startup_stm32f10x_hd.o(.text)
    PVD_IRQHandler                           0x08000227   Thumb Code     0  startup_stm32f10x_hd.o(.text)
    RCC_IRQHandler                           0x08000227   Thumb Code     0  startup_stm32f10x_hd.o(.text)
    RTCAlarm_IRQHandler                      0x08000227   Thumb Code     0  startup_stm32f10x_hd.o(.text)
    RTC_IRQHandler                           0x08000227   Thumb Code     0  startup_stm32f10x_hd.o(.text)
    SDIO_IRQHandler                          0x08000227   Thumb Code     0  startup_stm32f10x_hd.o(.text)
    SPI1_IRQHandler                          0x08000227   Thumb Code     0  startup_stm32f10x_hd.o(.text)
    SPI2_IRQHandler                          0x08000227   Thumb Code     0  startup_stm32f10x_hd.o(.text)
    SPI3_IRQHandler                          0x08000227   Thumb Code     0  startup_stm32f10x_hd.o(.text)
    TAMPER_IRQHandler                        0x08000227   Thumb Code     0  startup_stm32f10x_hd.o(.text)
    TIM1_BRK_IRQHandler                      0x08000227   Thumb Code     0  startup_stm32f10x_hd.o(.text)
    TIM1_CC_IRQHandler                       0x08000227   Thumb Code     0  startup_stm32f10x_hd.o(.text)
    TIM1_TRG_COM_IRQHandler                  0x08000227   Thumb Code     0  startup_stm32f10x_hd.o(.text)
    TIM1_UP_IRQHandler                       0x08000227   Thumb Code     0  startup_stm32f10x_hd.o(.text)
    TIM2_IRQHandler                          0x08000227   Thumb Code     0  startup_stm32f10x_hd.o(.text)
    TIM3_IRQHandler                          0x08000227   Thumb Code     0  startup_stm32f10x_hd.o(.text)
    TIM4_IRQHandler                          0x08000227   Thumb Code     0  startup_stm32f10x_hd.o(.text)
    TIM5_IRQHandler                          0x08000227   Thumb Code     0  startup_stm32f10x_hd.o(.text)
    TIM6_IRQHandler                          0x08000227   Thumb Code     0  startup_stm32f10x_hd.o(.text)
    TIM7_IRQHandler                          0x08000227   Thumb Code     0  startup_stm32f10x_hd.o(.text)
    TIM8_BRK_IRQHandler                      0x08000227   Thumb Code     0  startup_stm32f10x_hd.o(.text)
    TIM8_CC_IRQHandler                       0x08000227   Thumb Code     0  startup_stm32f10x_hd.o(.text)
    TIM8_TRG_COM_IRQHandler                  0x08000227   Thumb Code     0  startup_stm32f10x_hd.o(.text)
    TIM8_UP_IRQHandler                       0x08000227   Thumb Code     0  startup_stm32f10x_hd.o(.text)
    UART4_IRQHandler                         0x08000227   Thumb Code     0  startup_stm32f10x_hd.o(.text)
    UART5_IRQHandler                         0x08000227   Thumb Code     0  startup_stm32f10x_hd.o(.text)
    USART2_IRQHandler                        0x08000227   Thumb Code     0  startup_stm32f10x_hd.o(.text)
    USART3_IRQHandler                        0x08000227   Thumb Code     0  startup_stm32f10x_hd.o(.text)
    USBWakeUp_IRQHandler                     0x08000227   Thumb Code     0  startup_stm32f10x_hd.o(.text)
    USB_HP_CAN1_TX_IRQHandler                0x08000227   Thumb Code     0  startup_stm32f10x_hd.o(.text)
    USB_LP_CAN1_RX0_IRQHandler               0x08000227   Thumb Code     0  startup_stm32f10x_hd.o(.text)
    WWDG_IRQHandler                          0x08000227   Thumb Code     0  startup_stm32f10x_hd.o(.text)
    __user_initial_stackheap                 0x08000229   Thumb Code     0  startup_stm32f10x_hd.o(.text)
    main                                     0x0800024d   Thumb Code   244  main.o(.text)
    NMI_Handler                              0x08000351   Thumb Code     2  stm32f10x_it.o(.text)
    HardFault_Handler                        0x08000353   Thumb Code     4  stm32f10x_it.o(.text)
    MemManage_Handler                        0x08000357   Thumb Code     4  stm32f10x_it.o(.text)
    BusFault_Handler                         0x0800035b   Thumb Code     4  stm32f10x_it.o(.text)
    UsageFault_Handler                       0x0800035f   Thumb Code     4  stm32f10x_it.o(.text)
    SVC_Handler                              0x08000363   Thumb Code     2  stm32f10x_it.o(.text)
    DebugMon_Handler                         0x08000365   Thumb Code     2  stm32f10x_it.o(.text)
    PendSV_Handler                           0x08000367   Thumb Code     2  stm32f10x_it.o(.text)
    SysTick_Handler                          0x08000369   Thumb Code    16  stm32f10x_it.o(.text)
    SystemInit                               0x08000459   Thumb Code    78  system_stm32f10x.o(.text)
    SystemCoreClockUpdate                    0x080004a7   Thumb Code   142  system_stm32f10x.o(.text)
    SysTickInit                              0x08000559   Thumb Code    72  sysconfig.o(.text)
    TimeTicketSevice                         0x080005a1   Thumb Code    12  sysconfig.o(.text)
    System_Init                              0x080005ad   Thumb Code    16  sysconfig.o(.text)
    Delay                                    0x080005bd   Thumb Code    18  sysconfig.o(.text)
    GPIO_DeInit                              0x080005e1   Thumb Code   172  stm32f10x_gpio.o(.text)
    GPIO_AFIODeInit                          0x0800068d   Thumb Code    20  stm32f10x_gpio.o(.text)
    GPIO_Init                                0x080006a1   Thumb Code   274  stm32f10x_gpio.o(.text)
    GPIO_StructInit                          0x080007b3   Thumb Code    16  stm32f10x_gpio.o(.text)
    GPIO_ReadInputDataBit                    0x080007c3   Thumb Code    18  stm32f10x_gpio.o(.text)
    GPIO_ReadInputData                       0x080007d5   Thumb Code     8  stm32f10x_gpio.o(.text)
    GPIO_ReadOutputDataBit                   0x080007dd   Thumb Code    18  stm32f10x_gpio.o(.text)
    GPIO_ReadOutputData                      0x080007ef   Thumb Code     8  stm32f10x_gpio.o(.text)
    GPIO_SetBits                             0x080007f7   Thumb Code     4  stm32f10x_gpio.o(.text)
    GPIO_ResetBits                           0x080007fb   Thumb Code     4  stm32f10x_gpio.o(.text)
    GPIO_WriteBit                            0x080007ff   Thumb Code    10  stm32f10x_gpio.o(.text)
    GPIO_Write                               0x08000809   Thumb Code     4  stm32f10x_gpio.o(.text)
    GPIO_PinLockConfig                       0x0800080d   Thumb Code    18  stm32f10x_gpio.o(.text)
    GPIO_EventOutputConfig                   0x0800081f   Thumb Code    26  stm32f10x_gpio.o(.text)
    GPIO_EventOutputCmd                      0x08000839   Thumb Code     6  stm32f10x_gpio.o(.text)
    GPIO_PinRemapConfig                      0x0800083f   Thumb Code   138  stm32f10x_gpio.o(.text)
    GPIO_EXTILineConfig                      0x080008c9   Thumb Code    66  stm32f10x_gpio.o(.text)
    GPIO_ETH_MediaInterfaceConfig            0x0800090b   Thumb Code     6  stm32f10x_gpio.o(.text)
    RCC_DeInit                               0x08000939   Thumb Code    64  stm32f10x_rcc.o(.text)
    RCC_HSEConfig                            0x08000979   Thumb Code    70  stm32f10x_rcc.o(.text)
    RCC_GetFlagStatus                        0x080009bf   Thumb Code    56  stm32f10x_rcc.o(.text)
    RCC_WaitForHSEStartUp                    0x080009f7   Thumb Code    56  stm32f10x_rcc.o(.text)
    RCC_AdjustHSICalibrationValue            0x08000a2f   Thumb Code    20  stm32f10x_rcc.o(.text)
    RCC_HSICmd                               0x08000a43   Thumb Code     6  stm32f10x_rcc.o(.text)
    RCC_PLLConfig                            0x08000a49   Thumb Code    24  stm32f10x_rcc.o(.text)
    RCC_PLLCmd                               0x08000a61   Thumb Code     6  stm32f10x_rcc.o(.text)
    RCC_SYSCLKConfig                         0x08000a67   Thumb Code    18  stm32f10x_rcc.o(.text)
    RCC_GetSYSCLKSource                      0x08000a79   Thumb Code    10  stm32f10x_rcc.o(.text)
    RCC_HCLKConfig                           0x08000a83   Thumb Code    18  stm32f10x_rcc.o(.text)
    RCC_PCLK1Config                          0x08000a95   Thumb Code    18  stm32f10x_rcc.o(.text)
    RCC_PCLK2Config                          0x08000aa7   Thumb Code    20  stm32f10x_rcc.o(.text)
    RCC_ITConfig                             0x08000abb   Thumb Code    26  stm32f10x_rcc.o(.text)
    RCC_USBCLKConfig                         0x08000ad5   Thumb Code     6  stm32f10x_rcc.o(.text)
    RCC_ADCCLKConfig                         0x08000adb   Thumb Code    18  stm32f10x_rcc.o(.text)
    RCC_LSEConfig                            0x08000aed   Thumb Code    44  stm32f10x_rcc.o(.text)
    RCC_LSICmd                               0x08000b19   Thumb Code     6  stm32f10x_rcc.o(.text)
    RCC_RTCCLKConfig                         0x08000b1f   Thumb Code    12  stm32f10x_rcc.o(.text)
    RCC_RTCCLKCmd                            0x08000b2b   Thumb Code     8  stm32f10x_rcc.o(.text)
    RCC_GetClocksFreq                        0x08000b33   Thumb Code   192  stm32f10x_rcc.o(.text)
    RCC_AHBPeriphClockCmd                    0x08000bf3   Thumb Code    26  stm32f10x_rcc.o(.text)
    RCC_APB2PeriphClockCmd                   0x08000c0d   Thumb Code    26  stm32f10x_rcc.o(.text)
    RCC_APB1PeriphClockCmd                   0x08000c27   Thumb Code    26  stm32f10x_rcc.o(.text)
    RCC_APB2PeriphResetCmd                   0x08000c41   Thumb Code    26  stm32f10x_rcc.o(.text)
    RCC_APB1PeriphResetCmd                   0x08000c5b   Thumb Code    26  stm32f10x_rcc.o(.text)
    RCC_BackupResetCmd                       0x08000c75   Thumb Code     8  stm32f10x_rcc.o(.text)
    RCC_ClockSecuritySystemCmd               0x08000c7d   Thumb Code     6  stm32f10x_rcc.o(.text)
    RCC_MCOConfig                            0x08000c83   Thumb Code     6  stm32f10x_rcc.o(.text)
    RCC_ClearFlag                            0x08000c89   Thumb Code    14  stm32f10x_rcc.o(.text)
    RCC_GetITStatus                          0x08000c97   Thumb Code    20  stm32f10x_rcc.o(.text)
    RCC_ClearITPendingBit                    0x08000cab   Thumb Code     6  stm32f10x_rcc.o(.text)
    TIM_DeInit                               0x08000cdd   Thumb Code   424  stm32f10x_tim.o(.text)
    TIM_TimeBaseInit                         0x08000e85   Thumb Code   122  stm32f10x_tim.o(.text)
    TIM_OC1Init                              0x08000eff   Thumb Code   132  stm32f10x_tim.o(.text)
    TIM_OC2Init                              0x08000f83   Thumb Code   154  stm32f10x_tim.o(.text)
    TIM_OC3Init                              0x0800101d   Thumb Code   150  stm32f10x_tim.o(.text)
    TIM_OC4Init                              0x080010b3   Thumb Code   182  stm32f10x_tim.o(.text)
    TIM_SetIC4Prescaler                      0x08001169   Thumb Code    26  stm32f10x_tim.o(.text)
    TIM_SetIC3Prescaler                      0x08001205   Thumb Code    18  stm32f10x_tim.o(.text)
    TIM_SetIC2Prescaler                      0x08001291   Thumb Code    26  stm32f10x_tim.o(.text)
    TIM_SetIC1Prescaler                      0x0800132d   Thumb Code    18  stm32f10x_tim.o(.text)
    TIM_ICInit                               0x080013ab   Thumb Code   150  stm32f10x_tim.o(.text)
    TIM_PWMIConfig                           0x08001441   Thumb Code   124  stm32f10x_tim.o(.text)
    TIM_BDTRConfig                           0x080014bd   Thumb Code    32  stm32f10x_tim.o(.text)
    TIM_TimeBaseStructInit                   0x080014dd   Thumb Code    18  stm32f10x_tim.o(.text)
    TIM_OCStructInit                         0x080014ef   Thumb Code    20  stm32f10x_tim.o(.text)
    TIM_ICStructInit                         0x08001503   Thumb Code    18  stm32f10x_tim.o(.text)
    TIM_BDTRStructInit                       0x08001515   Thumb Code    40  stm32f10x_tim.o(.text)
    TIM_Cmd                                  0x0800153d   Thumb Code    24  stm32f10x_tim.o(.text)
    TIM_CtrlPWMOutputs                       0x08001555   Thumb Code    30  stm32f10x_tim.o(.text)
    TIM_ITConfig                             0x08001573   Thumb Code    18  stm32f10x_tim.o(.text)
    TIM_GenerateEvent                        0x08001585   Thumb Code     4  stm32f10x_tim.o(.text)
    TIM_DMAConfig                            0x08001589   Thumb Code    10  stm32f10x_tim.o(.text)
    TIM_DMACmd                               0x08001593   Thumb Code    18  stm32f10x_tim.o(.text)
    TIM_InternalClockConfig                  0x080015a5   Thumb Code    12  stm32f10x_tim.o(.text)
    TIM_SelectInputTrigger                   0x080015b1   Thumb Code    18  stm32f10x_tim.o(.text)
    TIM_ITRxExternalClockConfig              0x080015c3   Thumb Code    24  stm32f10x_tim.o(.text)
    TIM_TIxExternalClockConfig               0x080015db   Thumb Code    62  stm32f10x_tim.o(.text)
    TIM_ETRConfig                            0x08001619   Thumb Code    28  stm32f10x_tim.o(.text)
    TIM_ETRClockMode1Config                  0x08001635   Thumb Code    54  stm32f10x_tim.o(.text)
    TIM_ETRClockMode2Config                  0x0800166b   Thumb Code    32  stm32f10x_tim.o(.text)
    TIM_PrescalerConfig                      0x0800168b   Thumb Code     6  stm32f10x_tim.o(.text)
    TIM_CounterModeConfig                    0x08001691   Thumb Code    18  stm32f10x_tim.o(.text)
    TIM_EncoderInterfaceConfig               0x080016a3   Thumb Code    66  stm32f10x_tim.o(.text)
    TIM_ForcedOC1Config                      0x080016e5   Thumb Code    18  stm32f10x_tim.o(.text)
    TIM_ForcedOC2Config                      0x080016f7   Thumb Code    26  stm32f10x_tim.o(.text)
    TIM_ForcedOC3Config                      0x08001711   Thumb Code    18  stm32f10x_tim.o(.text)
    TIM_ForcedOC4Config                      0x08001723   Thumb Code    26  stm32f10x_tim.o(.text)
    TIM_ARRPreloadConfig                     0x0800173d   Thumb Code    24  stm32f10x_tim.o(.text)
    TIM_SelectCOM                            0x08001755   Thumb Code    24  stm32f10x_tim.o(.text)
    TIM_SelectCCDMA                          0x0800176d   Thumb Code    24  stm32f10x_tim.o(.text)
    TIM_CCPreloadControl                     0x08001785   Thumb Code    24  stm32f10x_tim.o(.text)
    TIM_OC1PreloadConfig                     0x0800179d   Thumb Code    18  stm32f10x_tim.o(.text)
    TIM_OC2PreloadConfig                     0x080017af   Thumb Code    26  stm32f10x_tim.o(.text)
    TIM_OC3PreloadConfig                     0x080017c9   Thumb Code    18  stm32f10x_tim.o(.text)
    TIM_OC4PreloadConfig                     0x080017db   Thumb Code    26  stm32f10x_tim.o(.text)
    TIM_OC1FastConfig                        0x080017f5   Thumb Code    18  stm32f10x_tim.o(.text)
    TIM_OC2FastConfig                        0x08001807   Thumb Code    26  stm32f10x_tim.o(.text)
    TIM_OC3FastConfig                        0x08001821   Thumb Code    18  stm32f10x_tim.o(.text)
    TIM_OC4FastConfig                        0x08001833   Thumb Code    26  stm32f10x_tim.o(.text)
    TIM_ClearOC1Ref                          0x0800184d   Thumb Code    18  stm32f10x_tim.o(.text)
    TIM_ClearOC2Ref                          0x0800185f   Thumb Code    24  stm32f10x_tim.o(.text)
    TIM_ClearOC3Ref                          0x08001877   Thumb Code    18  stm32f10x_tim.o(.text)
    TIM_ClearOC4Ref                          0x08001889   Thumb Code    24  stm32f10x_tim.o(.text)
    TIM_OC1PolarityConfig                    0x080018a1   Thumb Code    18  stm32f10x_tim.o(.text)
    TIM_OC1NPolarityConfig                   0x080018b3   Thumb Code    18  stm32f10x_tim.o(.text)
    TIM_OC2PolarityConfig                    0x080018c5   Thumb Code    26  stm32f10x_tim.o(.text)
    TIM_OC2NPolarityConfig                   0x080018df   Thumb Code    26  stm32f10x_tim.o(.text)
    TIM_OC3PolarityConfig                    0x080018f9   Thumb Code    26  stm32f10x_tim.o(.text)
    TIM_OC3NPolarityConfig                   0x08001913   Thumb Code    26  stm32f10x_tim.o(.text)
    TIM_OC4PolarityConfig                    0x0800192d   Thumb Code    26  stm32f10x_tim.o(.text)
    TIM_CCxCmd                               0x08001947   Thumb Code    30  stm32f10x_tim.o(.text)
    TIM_CCxNCmd                              0x08001965   Thumb Code    30  stm32f10x_tim.o(.text)
    TIM_SelectOCxM                           0x08001983   Thumb Code    82  stm32f10x_tim.o(.text)
    TIM_UpdateDisableConfig                  0x080019d5   Thumb Code    24  stm32f10x_tim.o(.text)
    TIM_UpdateRequestConfig                  0x080019ed   Thumb Code    24  stm32f10x_tim.o(.text)
    TIM_SelectHallSensor                     0x08001a05   Thumb Code    24  stm32f10x_tim.o(.text)
    TIM_SelectOnePulseMode                   0x08001a1d   Thumb Code    18  stm32f10x_tim.o(.text)
    TIM_SelectOutputTrigger                  0x08001a2f   Thumb Code    18  stm32f10x_tim.o(.text)
    TIM_SelectSlaveMode                      0x08001a41   Thumb Code    18  stm32f10x_tim.o(.text)
    TIM_SelectMasterSlaveMode                0x08001a53   Thumb Code    18  stm32f10x_tim.o(.text)
    TIM_SetCounter                           0x08001a65   Thumb Code     4  stm32f10x_tim.o(.text)
    TIM_SetAutoreload                        0x08001a69   Thumb Code     4  stm32f10x_tim.o(.text)
    TIM_SetCompare1                          0x08001a6d   Thumb Code     4  stm32f10x_tim.o(.text)
    TIM_SetCompare2                          0x08001a71   Thumb Code     4  stm32f10x_tim.o(.text)
    TIM_SetCompare3                          0x08001a75   Thumb Code     4  stm32f10x_tim.o(.text)
    TIM_SetCompare4                          0x08001a79   Thumb Code     6  stm32f10x_tim.o(.text)
    TIM_SetClockDivision                     0x08001a7f   Thumb Code    18  stm32f10x_tim.o(.text)
    TIM_GetCapture1                          0x08001a91   Thumb Code     6  stm32f10x_tim.o(.text)
    TIM_GetCapture2                          0x08001a97   Thumb Code     6  stm32f10x_tim.o(.text)
    TIM_GetCapture3                          0x08001a9d   Thumb Code     6  stm32f10x_tim.o(.text)
    TIM_GetCapture4                          0x08001aa3   Thumb Code     8  stm32f10x_tim.o(.text)
    TIM_GetCounter                           0x08001aab   Thumb Code     6  stm32f10x_tim.o(.text)
    TIM_GetPrescaler                         0x08001ab1   Thumb Code     6  stm32f10x_tim.o(.text)
    TIM_GetFlagStatus                        0x08001ab7   Thumb Code    18  stm32f10x_tim.o(.text)
    TIM_ClearFlag                            0x08001ac9   Thumb Code     6  stm32f10x_tim.o(.text)
    TIM_GetITStatus                          0x08001acf   Thumb Code    34  stm32f10x_tim.o(.text)
    TIM_ClearITPendingBit                    0x08001af1   Thumb Code     6  stm32f10x_tim.o(.text)
    USART_DeInit                             0x08001af9   Thumb Code   134  stm32f10x_usart.o(.text)
    USART_Init                               0x08001b7f   Thumb Code   210  stm32f10x_usart.o(.text)
    USART_StructInit                         0x08001c51   Thumb Code    24  stm32f10x_usart.o(.text)
    USART_ClockInit                          0x08001c69   Thumb Code    34  stm32f10x_usart.o(.text)
    USART_ClockStructInit                    0x08001c8b   Thumb Code    12  stm32f10x_usart.o(.text)
    USART_Cmd                                0x08001c97   Thumb Code    24  stm32f10x_usart.o(.text)
    USART_ITConfig                           0x08001caf   Thumb Code    74  stm32f10x_usart.o(.text)
    USART_DMACmd                             0x08001cf9   Thumb Code    18  stm32f10x_usart.o(.text)
    USART_SetAddress                         0x08001d0b   Thumb Code    18  stm32f10x_usart.o(.text)
    USART_WakeUpConfig                       0x08001d1d   Thumb Code    18  stm32f10x_usart.o(.text)
    USART_ReceiverWakeUpCmd                  0x08001d2f   Thumb Code    24  stm32f10x_usart.o(.text)
    USART_LINBreakDetectLengthConfig         0x08001d47   Thumb Code    18  stm32f10x_usart.o(.text)
    USART_LINCmd                             0x08001d59   Thumb Code    24  stm32f10x_usart.o(.text)
    USART_SendData                           0x08001d71   Thumb Code     8  stm32f10x_usart.o(.text)
    USART_ReceiveData                        0x08001d79   Thumb Code    10  stm32f10x_usart.o(.text)
    USART_SendBreak                          0x08001d83   Thumb Code    10  stm32f10x_usart.o(.text)
    USART_SetGuardTime                       0x08001d8d   Thumb Code    16  stm32f10x_usart.o(.text)
    USART_SetPrescaler                       0x08001d9d   Thumb Code    16  stm32f10x_usart.o(.text)
    USART_SmartCardCmd                       0x08001dad   Thumb Code    24  stm32f10x_usart.o(.text)
    USART_SmartCardNACKCmd                   0x08001dc5   Thumb Code    24  stm32f10x_usart.o(.text)
    USART_HalfDuplexCmd                      0x08001ddd   Thumb Code    24  stm32f10x_usart.o(.text)
    USART_OverSampling8Cmd                   0x08001df5   Thumb Code    22  stm32f10x_usart.o(.text)
    USART_OneBitMethodCmd                    0x08001e0b   Thumb Code    24  stm32f10x_usart.o(.text)
    USART_IrDAConfig                         0x08001e23   Thumb Code    18  stm32f10x_usart.o(.text)
    USART_IrDACmd                            0x08001e35   Thumb Code    24  stm32f10x_usart.o(.text)
    USART_GetFlagStatus                      0x08001e4d   Thumb Code    26  stm32f10x_usart.o(.text)
    USART_ClearFlag                          0x08001e67   Thumb Code    18  stm32f10x_usart.o(.text)
    USART_GetITStatus                        0x08001e79   Thumb Code    84  stm32f10x_usart.o(.text)
    USART_ClearITPendingBit                  0x08001ecd   Thumb Code    52  stm32f10x_usart.o(.text)
    ADC_DeInit                               0x08001f01   Thumb Code    78  stm32f10x_adc.o(.text)
    ADC_Init                                 0x08001f4f   Thumb Code    70  stm32f10x_adc.o(.text)
    ADC_StructInit                           0x08001f95   Thumb Code    18  stm32f10x_adc.o(.text)
    ADC_Cmd                                  0x08001fa7   Thumb Code    22  stm32f10x_adc.o(.text)
    ADC_DMACmd                               0x08001fbd   Thumb Code    22  stm32f10x_adc.o(.text)
    ADC_ITConfig                             0x08001fd3   Thumb Code    24  stm32f10x_adc.o(.text)
    ADC_ResetCalibration                     0x08001feb   Thumb Code    10  stm32f10x_adc.o(.text)
    ADC_GetResetCalibrationStatus            0x08001ff5   Thumb Code    20  stm32f10x_adc.o(.text)
    ADC_StartCalibration                     0x08002009   Thumb Code    10  stm32f10x_adc.o(.text)
    ADC_GetCalibrationStatus                 0x08002013   Thumb Code    20  stm32f10x_adc.o(.text)
    ADC_SoftwareStartConvCmd                 0x08002027   Thumb Code    22  stm32f10x_adc.o(.text)
    ADC_GetSoftwareStartConvStatus           0x0800203d   Thumb Code    20  stm32f10x_adc.o(.text)
    ADC_DiscModeChannelCountConfig           0x08002051   Thumb Code    24  stm32f10x_adc.o(.text)
    ADC_DiscModeCmd                          0x08002069   Thumb Code    22  stm32f10x_adc.o(.text)
    ADC_RegularChannelConfig                 0x0800207f   Thumb Code   184  stm32f10x_adc.o(.text)
    ADC_ExternalTrigConvCmd                  0x08002137   Thumb Code    22  stm32f10x_adc.o(.text)
    ADC_GetConversionValue                   0x0800214d   Thumb Code     8  stm32f10x_adc.o(.text)
    ADC_GetDualModeConversionValue           0x08002155   Thumb Code     8  stm32f10x_adc.o(.text)
    ADC_AutoInjectedConvCmd                  0x0800215d   Thumb Code    22  stm32f10x_adc.o(.text)
    ADC_InjectedDiscModeCmd                  0x08002173   Thumb Code    22  stm32f10x_adc.o(.text)
    ADC_ExternalTrigInjectedConvConfig       0x08002189   Thumb Code    16  stm32f10x_adc.o(.text)
    ADC_ExternalTrigInjectedConvCmd          0x08002199   Thumb Code    22  stm32f10x_adc.o(.text)
    ADC_SoftwareStartInjectedConvCmd         0x080021af   Thumb Code    22  stm32f10x_adc.o(.text)
    ADC_GetSoftwareStartInjectedConvCmdStatus 0x080021c5   Thumb Code    20  stm32f10x_adc.o(.text)
    ADC_InjectedChannelConfig                0x080021d9   Thumb Code   130  stm32f10x_adc.o(.text)
    ADC_InjectedSequencerLengthConfig        0x0800225b   Thumb Code    24  stm32f10x_adc.o(.text)
    ADC_SetInjectedOffset                    0x08002273   Thumb Code    20  stm32f10x_adc.o(.text)
    ADC_GetInjectedConversionValue           0x08002287   Thumb Code    28  stm32f10x_adc.o(.text)
    ADC_AnalogWatchdogCmd                    0x080022a3   Thumb Code    16  stm32f10x_adc.o(.text)
    ADC_AnalogWatchdogThresholdsConfig       0x080022b3   Thumb Code     6  stm32f10x_adc.o(.text)
    ADC_AnalogWatchdogSingleChannelConfig    0x080022b9   Thumb Code    16  stm32f10x_adc.o(.text)
    ADC_TempSensorVrefintCmd                 0x080022c9   Thumb Code    64  stm32f10x_adc.o(.text)
    ADC_GetFlagStatus                        0x08002309   Thumb Code    18  stm32f10x_adc.o(.text)
    ADC_ClearFlag                            0x0800231b   Thumb Code     6  stm32f10x_adc.o(.text)
    ADC_GetITStatus                          0x08002321   Thumb Code    36  stm32f10x_adc.o(.text)
    ADC_ClearITPendingBit                    0x08002345   Thumb Code    10  stm32f10x_adc.o(.text)
    NVIC_PriorityGroupConfig                 0x08002351   Thumb Code    10  misc.o(.text)
    NVIC_Init                                0x0800235b   Thumb Code   102  misc.o(.text)
    NVIC_SetVectorTable                      0x080023c1   Thumb Code    14  misc.o(.text)
    NVIC_SystemLPConfig                      0x080023cf   Thumb Code    34  misc.o(.text)
    SysTick_CLKSourceConfig                  0x080023f1   Thumb Code    40  misc.o(.text)
    DMA_DeInit                               0x0800242d   Thumb Code   324  stm32f10x_dma.o(.text)
    DMA_Init                                 0x08002571   Thumb Code    60  stm32f10x_dma.o(.text)
    DMA_StructInit                           0x080025ad   Thumb Code    26  stm32f10x_dma.o(.text)
    DMA_Cmd                                  0x080025c7   Thumb Code    24  stm32f10x_dma.o(.text)
    DMA_ITConfig                             0x080025df   Thumb Code    18  stm32f10x_dma.o(.text)
    DMA_SetCurrDataCounter                   0x080025f1   Thumb Code     4  stm32f10x_dma.o(.text)
    DMA_GetCurrDataCounter                   0x080025f5   Thumb Code     8  stm32f10x_dma.o(.text)
    DMA_GetFlagStatus                        0x080025fd   Thumb Code    38  stm32f10x_dma.o(.text)
    DMA_ClearFlag                            0x08002623   Thumb Code    22  stm32f10x_dma.o(.text)
    DMA_GetITStatus                          0x08002639   Thumb Code    38  stm32f10x_dma.o(.text)
    DMA_ClearITPendingBit                    0x0800265f   Thumb Code    22  stm32f10x_dma.o(.text)
    DL_PWM_Init                              0x0800267d   Thumb Code   230  pwm.o(.text)
    DL_PWM_SetPulse                          0x08002763   Thumb Code   156  pwm.o(.text)
    DL_PWM_SetFreq                           0x080027ff   Thumb Code    36  pwm.o(.text)
    DL_PWM_SetPrescaler                      0x08002823   Thumb Code    10  pwm.o(.text)
    DL_PWM_NeedTone                          0x0800282d   Thumb Code    32  pwm.o(.text)
    DL_PWM_Speed                             0x0800284d   Thumb Code    14  pwm.o(.text)
    DL_Init                                  0x08002871   Thumb Code    20  driver.o(.text)
    DL_Tick_Pre                              0x08002885   Thumb Code    16  driver.o(.text)
    DL_Tick_After                            0x08002895   Thumb Code     2  driver.o(.text)
    Hash                                     0x08002897   Thumb Code    28  driver.o(.text)
    GetNum                                   0x080028b3   Thumb Code    48  driver.o(.text)
    DL_Rand                                  0x080028e3   Thumb Code    20  driver.o(.text)
    ADC1_Init                                0x080028fd   Thumb Code   200  adc.o(.text)
    ADC1_DMAInit                             0x080029c5   Thumb Code   122  adc.o(.text)
    DL_ADC_Init                              0x08002a3f   Thumb Code    12  adc.o(.text)
    ADC_Smoothing                            0x08002a4b   Thumb Code   118  adc.o(.text)
    ADC_Calculate_Voltage                    0x08002ac1   Thumb Code    56  adc.o(.text)
    DMA1_Channel1_IRQHandler                 0x08002af9   Thumb Code    36  adc.o(.text)
    DL_ADC_Tick                              0x08002b1d   Thumb Code    12  adc.o(.text)
    DL_UART_Init                             0x08002b45   Thumb Code   192  uart.o(.text)
    DL_UART_GetRandomSeed                    0x08002c05   Thumb Code    16  uart.o(.text)
    GetRxData                                0x08002c15   Thumb Code   154  uart.o(.text)
    DL_UART_SetTxData                        0x08002caf   Thumb Code    92  uart.o(.text)
    DL_UART_SetRxFunc                        0x08002d0b   Thumb Code    36  uart.o(.text)
    USART1_IRQHandler                        0x08002d2f   Thumb Code   200  uart.o(.text)
    PowerMPU                                 0x08002e2d   Thumb Code   104  imu.o(.text)
    ResetMPU                                 0x08002e95   Thumb Code    22  imu.o(.text)
    DL_IMU_Init                              0x08002eab   Thumb Code    80  imu.o(.text)
    delay5us                                 0x08002efb   Thumb Code    14  imu.o(.text)
    iicstart                                 0x08002f09   Thumb Code    38  imu.o(.text)
    iicstop                                  0x08002f2f   Thumb Code    38  imu.o(.text)
    nack                                     0x08002f55   Thumb Code    72  imu.o(.text)
    ack                                      0x08002f9d   Thumb Code    52  imu.o(.text)
    iicwritebyte                             0x08002fd1   Thumb Code   106  imu.o(.text)
    iicreadbyte                              0x0800303b   Thumb Code    98  imu.o(.text)
    W_6050                                   0x0800309d   Thumb Code    84  imu.o(.text)
    R_6050                                   0x080030f1   Thumb Code   102  imu.o(.text)
    R_6050_2                                 0x08003157   Thumb Code   130  imu.o(.text)
    DL_IMU_StartCheck                        0x080031d9   Thumb Code    30  imu.o(.text)
    InitMPU6050                              0x080031f7   Thumb Code   336  imu.o(.text)
    DL_IMU_Work                              0x08003347   Thumb Code   350  imu.o(.text)
    DL_IMU_GetGyro                           0x080034a5   Thumb Code    16  imu.o(.text)
    DL_IMU_Tick                              0x080034b5   Thumb Code   184  imu.o(.text)
    CL_TONE_Enable                           0x0800358d   Thumb Code    10  tone.o(.text)
    CL_TONE_Disable                          0x08003597   Thumb Code    16  tone.o(.text)
    CL_TONE_SetFundamentalKey                0x080035a7   Thumb Code    60  tone.o(.text)
    CL_TONE_SetFKeyByKey                     0x080035e3   Thumb Code    78  tone.o(.text)
    CL_TONE_SetTone                          0x08003631   Thumb Code   148  tone.o(.text)
    CL_TONE_DoubleTone                       0x080036c5   Thumb Code   328  tone.o(.text)
    CL_TONE_SetFreq                          0x0800380d   Thumb Code    12  tone.o(.text)
    CL_Init                                  0x08003831   Thumb Code    20  calc.o(.text)
    CL_Tick_Pre                              0x08003845   Thumb Code    20  calc.o(.text)
    CL_Tick_After                            0x08003859   Thumb Code    12  calc.o(.text)
    CL_Rand                                  0x08003865   Thumb Code     8  calc.o(.text)
    CL_SPEED_GetGameStatus                   0x0800386d   Thumb Code    12  speed.o(.text)
    CL_SPEED_Init                            0x08003879   Thumb Code    12  speed.o(.text)
    CL_SPEED_SetCalibration_Type             0x08003885   Thumb Code    84  speed.o(.text)
    CL_SPEED_Calibration                     0x080038d9   Thumb Code   166  speed.o(.text)
    CL_SPEED_CheckCalibration                0x0800397f   Thumb Code   182  speed.o(.text)
    CL_SPEED_ClearCalibration                0x08003a35   Thumb Code    26  speed.o(.text)
    CL_SPEED_GetSpeedNow                     0x08003a4f   Thumb Code    78  speed.o(.text)
    CL_SPEED_SetSpeed                        0x08003a9d   Thumb Code   274  speed.o(.text)
    CL_SPEED_SetWarningFunction              0x08003baf   Thumb Code     6  speed.o(.text)
    CL_SPEED_CheckSpeed                      0x08003bb5   Thumb Code   244  speed.o(.text)
    CL_SPEED_CalPWM                          0x08003ca9   Thumb Code   380  speed.o(.text)
    CL_SPEED_Tick_Pre                        0x08003e25   Thumb Code   112  speed.o(.text)
    CL_SPEED_Tick_After                      0x08003e95   Thumb Code    44  speed.o(.text)
    CL_COM_CalData                           0x08003ee9   Thumb Code   100  com.o(.text)
    CL_COM_Init                              0x08003f4d   Thumb Code    12  com.o(.text)
    CL_COM_SetRxFunc                         0x08003f59   Thumb Code    36  com.o(.text)
    CL_COM_GetData                           0x08003f7d   Thumb Code     4  com.o(.text)
    CL_COM_SendPos                           0x08003f81   Thumb Code    26  com.o(.text)
    CL_ANGLE_SetDegree                       0x08004041   Thumb Code    52  angle.o(.text)
    CL_ANGLE_GetDegree                       0x08004075   Thumb Code    52  angle.o(.text)
    CL_ANGLE_GetPos                          0x080040a9   Thumb Code   690  angle.o(.text)
    CL_ANGLE_Init                            0x0800435b   Thumb Code    36  angle.o(.text)
    CL_ANGLE_Reset                           0x0800437f   Thumb Code   106  angle.o(.text)
    CL_ANGLE_Tick                            0x080043e9   Thumb Code   128  angle.o(.text)
    EL_MUSIC_Alarm                           0x080045b1   Thumb Code   144  music.o(.text)
    EL_MUSIC_Test                            0x08004641   Thumb Code    90  music.o(.text)
    EL_MUSIC_Info                            0x0800469b   Thumb Code    62  music.o(.text)
    EL_MUSIC_Music                           0x080046d9   Thumb Code   134  music.o(.text)
    EL_MUSIC_SetPause                        0x0800475f   Thumb Code     6  music.o(.text)
    EL_MUSIC_Start                           0x08004765   Thumb Code    86  music.o(.text)
    EL_MUSIC_ChangeTone                      0x080047bb   Thumb Code     6  music.o(.text)
    EL_MUSIC_ChangeStatus                    0x080047c1   Thumb Code    22  music.o(.text)
    EL_MUSIC_ChangeMode                      0x080047d7   Thumb Code     6  music.o(.text)
    EL_MUSIC_Warning                         0x080047dd   Thumb Code    40  music.o(.text)
    EL_MUSIC_ClearWarning                    0x08004805   Thumb Code    18  music.o(.text)
    EL_MUSIC_Tick                            0x08004817   Thumb Code   190  music.o(.text)
    GetGameStatus                            0x080048d5   Thumb Code     8  music.o(.text)
    EL_MUSIC_Init                            0x080048dd   Thumb Code   300  music.o(.text)
    EL_Init                                  0x08004a09   Thumb Code    16  exec.o(.text)
    EL_Tick                                  0x08004a19   Thumb Code    26  exec.o(.text)
    EL_Rand                                  0x08004a33   Thumb Code     8  exec.o(.text)
    MusicFunction_Twinkle_Twinkle_Little_Star 0x08004a3d   Thumb Code    48  musics.o(.text)
    MusicFunction_Tsinghua                   0x08004a6d   Thumb Code    60  musics.o(.text)
    MusicFunction_MHH                        0x08004aa9   Thumb Code   194  musics.o(.text)
    EL_POINTS_GetCom                         0x08004b7d   Thumb Code    14  points.o(.text)
    EL_POINTS_Init                           0x08004b8b   Thumb Code    12  points.o(.text)
    EL_POINTS_DirectTarget                   0x08004b97   Thumb Code    18  points.o(.text)
    EL_POINTS_StopDirectTarget               0x08004ba9   Thumb Code     8  points.o(.text)
    EL_POINTS_Run                            0x08004bb1   Thumb Code   688  points.o(.text)
    EL_POINTS_SetDirectMinDistance           0x08004e61   Thumb Code     6  points.o(.text)
    EL_POINTS_SetDirectMinTime               0x08004e67   Thumb Code     6  points.o(.text)
    EL_POINTS_Tick                           0x08004e6d   Thumb Code    44  points.o(.text)
    __use_two_region_memory                  0x08004f35   Thumb Code     2  heapauxi.o(.text)
    __rt_heap_escrow$2region                 0x08004f37   Thumb Code     2  heapauxi.o(.text)
    __rt_heap_expand$2region                 0x08004f39   Thumb Code     2  heapauxi.o(.text)
    __read_errno                             0x08004f3b   Thumb Code    10  _rserrno.o(.text)
    __set_errno                              0x08004f45   Thumb Code    12  _rserrno.o(.text)
    __aeabi_errno_addr                       0x08004f51   Thumb Code     8  rt_errno_addr_intlibspace.o(.text)
    __errno$intlibspace                      0x08004f51   Thumb Code     0  rt_errno_addr_intlibspace.o(.text)
    __rt_errno_addr$intlibspace              0x08004f51   Thumb Code     0  rt_errno_addr_intlibspace.o(.text)
    __user_libspace                          0x08004f59   Thumb Code     8  libspace.o(.text)
    __user_perproc_libspace                  0x08004f59   Thumb Code     0  libspace.o(.text)
    __user_perthread_libspace                0x08004f59   Thumb Code     0  libspace.o(.text)
    __user_setup_stackheap                   0x08004f61   Thumb Code    74  sys_stackheap_outer.o(.text)
    exit                                     0x08004fab   Thumb Code    12  exit.o(.text)
    _sys_exit                                0x08004fb9   Thumb Code     8  sys_exit.o(.text)
    __I$use$semihosting                      0x08004fc5   Thumb Code     0  use_no_semi.o(.text)
    __use_no_semihosting_swi                 0x08004fc5   Thumb Code     2  use_no_semi.o(.text)
    __ARM_fpclassify                         0x08004fc7   Thumb Code    40  fpclassify.o(i.__ARM_fpclassify)
    __semihosting_library_function           0x08004fc7   Thumb Code     0  indicate_semi.o(.text)
    __ARM_fpclassifyf                        0x08004fef   Thumb Code    38  fpclassifyf.o(i.__ARM_fpclassifyf)
    __kernel_poly                            0x08005015   Thumb Code   170  poly.o(i.__kernel_poly)
    __mathlib_dbl_underflow                  0x080050c1   Thumb Code    10  dunder.o(i.__mathlib_dbl_underflow)
    __mathlib_flt_underflow                  0x080050d1   Thumb Code    10  funder.o(i.__mathlib_flt_underflow)
    acosf                                    0x080050dd   Thumb Code   248  acosf.o(i.acosf)
    atan2f                                   0x080051fd   Thumb Code   520  atan2f.o(i.atan2f)
    pow                                      0x08005451   Thumb Code  2510  pow.o(i.pow)
    sqrt                                     0x08005e31   Thumb Code    76  sqrt.o(i.sqrt)
    sqrtf                                    0x08005e7d   Thumb Code    44  sqrtf.o(i.sqrtf)
    __aeabi_d2f                              0x08005ea9   Thumb Code     0  d2f.o(x$fpl$d2f)
    _d2f                                     0x08005ea9   Thumb Code    98  d2f.o(x$fpl$d2f)
    __aeabi_dadd                             0x08005f0d   Thumb Code     0  daddsub_clz.o(x$fpl$dadd)
    _dadd                                    0x08005f0d   Thumb Code   332  daddsub_clz.o(x$fpl$dadd)
    __fpl_dcheck_NaN1                        0x0800605d   Thumb Code    10  dcheck1.o(x$fpl$dcheck1)
    __fpl_dcmp_Inf                           0x0800606d   Thumb Code    24  dcmpi.o(x$fpl$dcmpinf)
    __aeabi_ddiv                             0x08006085   Thumb Code     0  ddiv.o(x$fpl$ddiv)
    _ddiv                                    0x08006085   Thumb Code   552  ddiv.o(x$fpl$ddiv)
    __aeabi_d2iz                             0x08006335   Thumb Code     0  dfix.o(x$fpl$dfix)
    _dfix                                    0x08006335   Thumb Code    94  dfix.o(x$fpl$dfix)
    __aeabi_i2d                              0x08006393   Thumb Code     0  dflt_clz.o(x$fpl$dflt)
    _dflt                                    0x08006393   Thumb Code    46  dflt_clz.o(x$fpl$dflt)
    __aeabi_ui2d                             0x080063c1   Thumb Code     0  dflt_clz.o(x$fpl$dfltu)
    _dfltu                                   0x080063c1   Thumb Code    38  dflt_clz.o(x$fpl$dfltu)
    __aeabi_cdcmple                          0x080063e9   Thumb Code     0  dleqf.o(x$fpl$dleqf)
    _dcmple                                  0x080063e9   Thumb Code   120  dleqf.o(x$fpl$dleqf)
    __fpl_dcmple_InfNaN                      0x0800644b   Thumb Code     0  dleqf.o(x$fpl$dleqf)
    __aeabi_dmul                             0x08006461   Thumb Code     0  dmul.o(x$fpl$dmul)
    _dmul                                    0x08006461   Thumb Code   332  dmul.o(x$fpl$dmul)
    __fpl_dnaninf                            0x080065b5   Thumb Code   156  dnaninf.o(x$fpl$dnaninf)
    __fpl_dretinf                            0x08006651   Thumb Code    12  dretinf.o(x$fpl$dretinf)
    __aeabi_cdrcmple                         0x0800665d   Thumb Code     0  drleqf.o(x$fpl$drleqf)
    _drcmple                                 0x0800665d   Thumb Code   108  drleqf.o(x$fpl$drleqf)
    __aeabi_drsub                            0x080066c9   Thumb Code     0  daddsub_clz.o(x$fpl$drsb)
    _drsb                                    0x080066c9   Thumb Code    22  daddsub_clz.o(x$fpl$drsb)
    _dsqrt                                   0x080066e1   Thumb Code   456  dsqrt_noumaal.o(x$fpl$dsqrt)
    __aeabi_dsub                             0x080068ad   Thumb Code     0  daddsub_clz.o(x$fpl$dsub)
    _dsub                                    0x080068ad   Thumb Code   464  daddsub_clz.o(x$fpl$dsub)
    __aeabi_f2d                              0x08006a81   Thumb Code     0  f2d.o(x$fpl$f2d)
    _f2d                                     0x08006a81   Thumb Code    86  f2d.o(x$fpl$f2d)
    __aeabi_fadd                             0x08006ad9   Thumb Code     0  faddsub_clz.o(x$fpl$fadd)
    _fadd                                    0x08006ad9   Thumb Code   196  faddsub_clz.o(x$fpl$fadd)
    __fpl_fcheck_NaN1                        0x08006b9d   Thumb Code     6  fcheck1.o(x$fpl$fcheck1)
    __fpl_fcmp_Inf                           0x08006ba9   Thumb Code    24  fcmpi.o(x$fpl$fcmpinf)
    __aeabi_fdiv                             0x08006bc1   Thumb Code     0  fdiv.o(x$fpl$fdiv)
    _fdiv                                    0x08006bc1   Thumb Code   384  fdiv.o(x$fpl$fdiv)
    __aeabi_cfcmpeq                          0x08006d45   Thumb Code     0  feqf.o(x$fpl$feqf)
    _fcmpeq                                  0x08006d45   Thumb Code   104  feqf.o(x$fpl$feqf)
    __aeabi_f2iz                             0x08006dad   Thumb Code     0  ffix.o(x$fpl$ffix)
    _ffix                                    0x08006dad   Thumb Code    54  ffix.o(x$fpl$ffix)
    __aeabi_f2uiz                            0x08006de5   Thumb Code     0  ffixu.o(x$fpl$ffixu)
    _ffixu                                   0x08006de5   Thumb Code    62  ffixu.o(x$fpl$ffixu)
    __aeabi_i2f                              0x08006e25   Thumb Code     0  fflt_clz.o(x$fpl$fflt)
    _fflt                                    0x08006e25   Thumb Code    48  fflt_clz.o(x$fpl$fflt)
    __aeabi_ui2f                             0x08006e55   Thumb Code     0  fflt_clz.o(x$fpl$ffltu)
    _ffltu                                   0x08006e55   Thumb Code    38  fflt_clz.o(x$fpl$ffltu)
    __aeabi_cfcmple                          0x08006e7d   Thumb Code     0  fleqf.o(x$fpl$fleqf)
    _fcmple                                  0x08006e7d   Thumb Code   104  fleqf.o(x$fpl$fleqf)
    __fpl_fcmple_InfNaN                      0x08006ecf   Thumb Code     0  fleqf.o(x$fpl$fleqf)
    __aeabi_fmul                             0x08006ee5   Thumb Code     0  fmul.o(x$fpl$fmul)
    _fmul                                    0x08006ee5   Thumb Code   258  fmul.o(x$fpl$fmul)
    __fpl_fnaninf                            0x08006fe7   Thumb Code   140  fnaninf.o(x$fpl$fnaninf)
    __fpl_fretinf                            0x08007073   Thumb Code    10  fretinf.o(x$fpl$fretinf)
    __aeabi_cfrcmple                         0x0800707d   Thumb Code     0  frleqf.o(x$fpl$frleqf)
    _frcmple                                 0x0800707d   Thumb Code    98  frleqf.o(x$fpl$frleqf)
    __aeabi_frsub                            0x080070df   Thumb Code     0  faddsub_clz.o(x$fpl$frsb)
    _frsb                                    0x080070df   Thumb Code    20  faddsub_clz.o(x$fpl$frsb)
    _fsqrt                                   0x080070f5   Thumb Code   272  fsqrt.o(x$fpl$fsqrt)
    __aeabi_fsub                             0x08007205   Thumb Code     0  faddsub_clz.o(x$fpl$fsub)
    _fsub                                    0x08007205   Thumb Code   234  faddsub_clz.o(x$fpl$fsub)
    __fpl_return_NaN                         0x080072ef   Thumb Code   100  retnan.o(x$fpl$retnan)
    __ARM_scalbn                             0x08007353   Thumb Code    92  scalbn.o(x$fpl$scalbn)
    __ARM_scalbnf                            0x080073af   Thumb Code    76  scalbnf.o(x$fpl$scalbnf)
    __fpl_cmpreturn                          0x080073fb   Thumb Code    48  trapv.o(x$fpl$trapveneer)
    __I$use$fp                               0x0800742a   Number         0  usenofp.o(x$fpl$usenofp)
    FKeys                                    0x0800742e   Data          14  tone.o(.constdata)
    Tones                                    0x0800743c   Data          14  tone.o(.constdata)
    freq_start                               0x0800744c   Data          36  music.o(.constdata)
    freq_alarm                               0x08007470   Data          24  music.o(.constdata)
    MusicFunctions                           0x08007488   Data          12  music.o(.constdata)
    MusicFKeys                               0x08007494   Data           6  music.o(.constdata)
    freq_test                                0x0800749a   Data          12  music.o(.constdata)
    TTLS                                     0x080074a6   Data          48  musics.o(.constdata)
    THU                                      0x080074d6   Data         576  musics.o(.constdata)
    MHH                                      0x08007716   Data         920  musics.o(.constdata)
    __mathlib_zero                           0x08007b38   Data           8  qnan.o(.constdata)
    Region$$Table$$Base                      0x08007b40   Number         0  anon$$obj.o(Region$$Table)
    Region$$Table$$Limit                     0x08007b60   Number         0  anon$$obj.o(Region$$Table)
    SystemCoreClock                          0x20000000   Data           4  system_stm32f10x.o(.data)
    AHBPrescTable                            0x20000004   Data          16  system_stm32f10x.o(.data)
    TimeTicket                               0x20000014   Data           4  sysconfig.o(.data)
    NeedTone                                 0x2000002c   Data           1  pwm.o(.data)
    SpeedSet                                 0x2000002e   Data           4  pwm.o(.data)
    tmp                                      0x20000032   Data           6  driver.o(.data)
    ADCValue                                 0x20000038   Data           6  adc.o(.data)
    DL_ADC_Voltage                           0x20000040   Data           6  adc.o(.data)
    RandomSeed                               0x20000046   Data           2  uart.o(.data)
    DataBuf                                  0x20000048   Data         234  uart.o(.data)
    RxBufFront                               0x20000132   Data           1  uart.o(.data)
    RxBufRear                                0x20000133   Data           1  uart.o(.data)
    RxFuncPointer                            0x20000134   Data           1  uart.o(.data)
    TxBufFront                               0x20000135   Data           1  uart.o(.data)
    TxBufRear                                0x20000136   Data           1  uart.o(.data)
    TxSending                                0x20000137   Data           1  uart.o(.data)
    MPUOFF                                   0x20000138   Data           4  imu.o(.data)
    IMU_State                                0x2000013c   Data           2  imu.o(.data)
    IIC_Failure                              0x2000013e   Data           2  imu.o(.data)
    DL_IMU_Gyro_Data                         0x20000140   Data           8  imu.o(.data)
    DL_IMU_Gyro                              0x20000148   Data           4  imu.o(.data)
    IMU_Check_Cnt                            0x2000014c   Data           4  imu.o(.data)
    IMU_Check                                0x20000150   Data           8  imu.o(.data)
    FKey                                     0x20000164   Data           4  tone.o(.data)
    Speed_Voltage_Tmp                        0x20000168   Data           4  speed.o(.data)
    Speed_Voltage                            0x2000016c   Data           4  speed.o(.data)
    CType                                    0x20000170   Data           1  speed.o(.data)
    Calibration_Cal                          0x20000171   Data           1  speed.o(.data)
    CL_SPEED_CheckCalibration_Result         0x20000172   Data           1  speed.o(.data)
    CL_SPEED_GameStatus                      0x20000173   Data           1  speed.o(.data)
    CL_SPEED_SpeedNow                        0x20000174   Data           8  speed.o(.data)
    Speed_Set                                0x2000017c   Data           2  speed.o(.data)
    CheckSpeedCount                          0x2000017e   Data           2  speed.o(.data)
    WarningFunction                          0x20000180   Data           4  speed.o(.data)
    Tick_Counter                             0x20000184   Data           1  speed.o(.data)
    TargetPWM                                0x20000186   Data           4  speed.o(.data)
    SendData                                 0x2000018a   Data           4  com.o(.data)
    RxFP                                     0x2000018e   Data           1  com.o(.data)
    DegreeNum                                0x20000190   Data           2  angle.o(.data)
    DegreePointer                            0x20000192   Data           2  angle.o(.data)
    DegreeSet                                0x20000194   Data           4  angle.o(.data)
    DegreeSetType                            0x20000198   Data           1  angle.o(.data)
    Points_front                             0x20000199   Data           1  angle.o(.data)
    Points_rear                              0x2000019a   Data           1  angle.o(.data)
    Points_Num                               0x2000019b   Data           1  angle.o(.data)
    DegreeDiff                               0x2000019c   Data           4  angle.o(.data)
    DegreeDiffCnt                            0x200001a0   Data           2  angle.o(.data)
    M_PI                                     0x200001a4   Data           4  angle.o(.data)
    EL_MUSIC_Ctrl                            0x200001a8   Data           5  music.o(.data)
    start_time                               0x200001b0   Data           4  music.o(.data)
    warning_flag                             0x200001b4   Data           1  music.o(.data)
    pause_flag                               0x200001b5   Data           1  music.o(.data)
    GameStatus                               0x200001b6   Data           1  music.o(.data)
    warning_time_back                        0x200001b8   Data           4  music.o(.data)
    warning_Type_bak                         0x200001bc   Data           1  music.o(.data)
    SingleTargetSet                          0x200001be   Data           1  points.o(.data)
    SingleTargetArrCnt                       0x200001bf   Data           1  points.o(.data)
    SingleTargetStopCnt                      0x200001c0   Data           4  points.o(.data)
    SingleTargetMinDis                       0x200001c4   Data           1  points.o(.data)
    EL_POINTS_GameStatus                     0x200001c5   Data           1  points.o(.data)
    EL_POINTS_Type                           0x200001c6   Data           1  points.o(.data)
    FirstRunCnt                              0x200001c8   Data           2  points.o(.data)
    EL_POINTS_SingleTarget                   0x200001ca   Data           2  points.o(.data)
    EL_POINTS_MyPos                          0x200001cc   Data           2  points.o(.data)
    ADC_Value_SMD                            0x200001d0   Data          12  adc.o(.bss)
    DL_UART_Data                             0x200001dc   Data          16  uart.o(.bss)
    RxFunctions                              0x200001ec   Data          40  uart.o(.bss)
    TxBuf                                    0x20000214   Data          12  uart.o(.bss)
    Center_Voltage                           0x20000220   Data          32  speed.o(.bss)
    CL_COM_Data                              0x20000240   Data          18  com.o(.bss)
    RxFunc                                   0x20000254   Data          20  com.o(.bss)
    Degree                                   0x20000268   Data        4000  angle.o(.bss)
    Points                                   0x20001208   Data          60  angle.o(.bss)
    __libspace_start                         0x20001244   Data          96  libspace.o(.bss)
    __temporary_stack_top$libspace           0x200012a4   Data           0  libspace.o(.bss)



==============================================================================

Memory Map of the image

  Image Entry point : 0x08000131

  Load Region LR_IROM1 (Base: 0x08000000, Size: 0x00007d30, Max: 0x00040000, ABSOLUTE, COMPRESSED[0x00007b98])

    Execution Region ER_IROM1 (Base: 0x08000000, Size: 0x00007b60, Max: 0x00040000, ABSOLUTE)

    Base Addr    Size         Type   Attr      Idx    E Section Name        Object

    0x08000000   0x00000130   Data   RO            3    RESET               startup_stm32f10x_hd.o
    0x08000130   0x00000008   Code   RO          698  * !!!main             c_w.l(__main.o)
    0x08000138   0x00000034   Code   RO         1005    !!!scatter          c_w.l(__scatter.o)
    0x0800016c   0x0000005a   Code   RO         1003    !!dczerorl2         c_w.l(__dczerorl2.o)
    0x080001c6   0x00000002   PAD
    0x080001c8   0x0000001c   Code   RO         1007    !!handler_zi        c_w.l(__scatter_zi.o)
    0x080001e4   0x00000002   Code   RO          875    .ARM.Collect$$libinit$$00000000  c_w.l(libinit.o)
    0x080001e6   0x00000000   Code   RO          881    .ARM.Collect$$libinit$$00000002  c_w.l(libinit2.o)
    0x080001e6   0x00000000   Code   RO          884    .ARM.Collect$$libinit$$00000008  c_w.l(libinit2.o)
    0x080001e6   0x00000000   Code   RO          886    .ARM.Collect$$libinit$$0000000A  c_w.l(libinit2.o)
    0x080001e6   0x00000000   Code   RO          888    .ARM.Collect$$libinit$$0000000C  c_w.l(libinit2.o)
    0x080001e6   0x00000000   Code   RO          891    .ARM.Collect$$libinit$$0000000F  c_w.l(libinit2.o)
    0x080001e6   0x00000000   Code   RO          893    .ARM.Collect$$libinit$$00000011  c_w.l(libinit2.o)
    0x080001e6   0x00000000   Code   RO          895    .ARM.Collect$$libinit$$00000013  c_w.l(libinit2.o)
    0x080001e6   0x00000000   Code   RO          897    .ARM.Collect$$libinit$$00000015  c_w.l(libinit2.o)
    0x080001e6   0x00000000   Code   RO          899    .ARM.Collect$$libinit$$00000017  c_w.l(libinit2.o)
    0x080001e6   0x00000000   Code   RO          901    .ARM.Collect$$libinit$$00000019  c_w.l(libinit2.o)
    0x080001e6   0x00000000   Code   RO          903    .ARM.Collect$$libinit$$0000001B  c_w.l(libinit2.o)
    0x080001e6   0x00000000   Code   RO          905    .ARM.Collect$$libinit$$0000001D  c_w.l(libinit2.o)
    0x080001e6   0x00000000   Code   RO          907    .ARM.Collect$$libinit$$0000001F  c_w.l(libinit2.o)
    0x080001e6   0x00000000   Code   RO          909    .ARM.Collect$$libinit$$00000021  c_w.l(libinit2.o)
    0x080001e6   0x00000000   Code   RO          911    .ARM.Collect$$libinit$$00000023  c_w.l(libinit2.o)
    0x080001e6   0x00000000   Code   RO          915    .ARM.Collect$$libinit$$0000002A  c_w.l(libinit2.o)
    0x080001e6   0x00000000   Code   RO          917    .ARM.Collect$$libinit$$0000002C  c_w.l(libinit2.o)
    0x080001e6   0x00000000   Code   RO          919    .ARM.Collect$$libinit$$0000002E  c_w.l(libinit2.o)
    0x080001e6   0x00000000   Code   RO          921    .ARM.Collect$$libinit$$00000030  c_w.l(libinit2.o)
    0x080001e6   0x00000002   Code   RO          922    .ARM.Collect$$libinit$$00000031  c_w.l(libinit2.o)
    0x080001e8   0x00000002   Code   RO          944    .ARM.Collect$$libshutdown$$00000000  c_w.l(libshutdown.o)
    0x080001ea   0x00000000   Code   RO          958    .ARM.Collect$$libshutdown$$00000003  c_w.l(libshutdown2.o)
    0x080001ea   0x00000000   Code   RO          961    .ARM.Collect$$libshutdown$$00000006  c_w.l(libshutdown2.o)
    0x080001ea   0x00000000   Code   RO          964    .ARM.Collect$$libshutdown$$00000009  c_w.l(libshutdown2.o)
    0x080001ea   0x00000000   Code   RO          966    .ARM.Collect$$libshutdown$$0000000B  c_w.l(libshutdown2.o)
    0x080001ea   0x00000000   Code   RO          969    .ARM.Collect$$libshutdown$$0000000E  c_w.l(libshutdown2.o)
    0x080001ea   0x00000002   Code   RO          970    .ARM.Collect$$libshutdown$$0000000F  c_w.l(libshutdown2.o)
    0x080001ec   0x00000000   Code   RO          804    .ARM.Collect$$rtentry$$00000000  c_w.l(rtentry.o)
    0x080001ec   0x00000000   Code   RO          840    .ARM.Collect$$rtentry$$00000002  c_w.l(rtentry2.o)
    0x080001ec   0x00000006   Code   RO          852    .ARM.Collect$$rtentry$$00000004  c_w.l(rtentry4.o)
    0x080001f2   0x00000000   Code   RO          842    .ARM.Collect$$rtentry$$00000009  c_w.l(rtentry2.o)
    0x080001f2   0x00000004   Code   RO          843    .ARM.Collect$$rtentry$$0000000A  c_w.l(rtentry2.o)
    0x080001f6   0x00000000   Code   RO          845    .ARM.Collect$$rtentry$$0000000C  c_w.l(rtentry2.o)
    0x080001f6   0x00000008   Code   RO          846    .ARM.Collect$$rtentry$$0000000D  c_w.l(rtentry2.o)
    0x080001fe   0x00000002   Code   RO          878    .ARM.Collect$$rtexit$$00000000  c_w.l(rtexit.o)
    0x08000200   0x00000000   Code   RO          926    .ARM.Collect$$rtexit$$00000002  c_w.l(rtexit2.o)
    0x08000200   0x00000004   Code   RO          927    .ARM.Collect$$rtexit$$00000003  c_w.l(rtexit2.o)
    0x08000204   0x00000006   Code   RO          928    .ARM.Collect$$rtexit$$00000004  c_w.l(rtexit2.o)
    0x0800020a   0x00000002   PAD
    0x0800020c   0x00000040   Code   RO            4    .text               startup_stm32f10x_hd.o
    0x0800024c   0x00000104   Code   RO           12    .text               main.o
    0x08000350   0x0000002c   Code   RO          105    .text               stm32f10x_it.o
    0x0800037c   0x000001dc   Code   RO          128    .text               system_stm32f10x.o
    0x08000558   0x00000088   Code   RO          154    .text               sysconfig.o
    0x080005e0   0x00000358   Code   RO          184    .text               stm32f10x_gpio.o
    0x08000938   0x000003a4   Code   RO          204    .text               stm32f10x_rcc.o
    0x08000cdc   0x00000e1a   Code   RO          226    .text               stm32f10x_tim.o
    0x08001af6   0x00000002   PAD
    0x08001af8   0x00000408   Code   RO          246    .text               stm32f10x_usart.o
    0x08001f00   0x0000044e   Code   RO          266    .text               stm32f10x_adc.o
    0x0800234e   0x00000002   PAD
    0x08002350   0x000000dc   Code   RO          286    .text               misc.o
    0x0800242c   0x00000250   Code   RO          306    .text               stm32f10x_dma.o
    0x0800267c   0x000001f4   Code   RO          326    .text               pwm.o
    0x08002870   0x0000008c   Code   RO          352    .text               driver.o
    0x080028fc   0x00000248   Code   RO          391    .text               adc.o
    0x08002b44   0x000002e8   Code   RO          418    .text               uart.o
    0x08002e2c   0x00000760   Code   RO          442    .text               imu.o
    0x0800358c   0x000002a4   Code   RO          468    .text               tone.o
    0x08003830   0x0000003c   Code   RO          495    .text               calc.o
    0x0800386c   0x0000067c   Code   RO          525    .text               speed.o
    0x08003ee8   0x000000c4   Code   RO          549    .text               com.o
    0x08003fac   0x00000568   Code   RO          573    .text               angle.o
    0x08004514   0x000004f4   Code   RO          600    .text               music.o
    0x08004a08   0x00000032   Code   RO          627    .text               exec.o
    0x08004a3a   0x00000002   PAD
    0x08004a3c   0x00000140   Code   RO          647    .text               musics.o
    0x08004b7c   0x000003b8   Code   RO          673    .text               points.o
    0x08004f34   0x00000006   Code   RO          696    .text               c_w.l(heapauxi.o)
    0x08004f3a   0x00000016   Code   RO          805    .text               c_w.l(_rserrno.o)
    0x08004f50   0x00000008   Code   RO          857    .text               c_w.l(rt_errno_addr_intlibspace.o)
    0x08004f58   0x00000008   Code   RO          863    .text               c_w.l(libspace.o)
    0x08004f60   0x0000004a   Code   RO          866    .text               c_w.l(sys_stackheap_outer.o)
    0x08004faa   0x0000000c   Code   RO          868    .text               c_w.l(exit.o)
    0x08004fb6   0x00000002   PAD
    0x08004fb8   0x0000000c   Code   RO          936    .text               c_w.l(sys_exit.o)
    0x08004fc4   0x00000002   Code   RO          947    .text               c_w.l(use_no_semi.o)
    0x08004fc6   0x00000000   Code   RO          949    .text               c_w.l(indicate_semi.o)
    0x08004fc6   0x00000028   Code   RO          830    i.__ARM_fpclassify  m_ws.l(fpclassify.o)
    0x08004fee   0x00000026   Code   RO          832    i.__ARM_fpclassifyf  m_ws.l(fpclassifyf.o)
    0x08005014   0x000000aa   Code   RO          836    i.__kernel_poly     m_ws.l(poly.o)
    0x080050be   0x00000002   PAD
    0x080050c0   0x00000010   Code   RO          828    i.__mathlib_dbl_underflow  m_ws.l(dunder.o)
    0x080050d0   0x0000000a   Code   RO          834    i.__mathlib_flt_underflow  m_ws.l(funder.o)
    0x080050da   0x00000002   PAD
    0x080050dc   0x00000120   Code   RO          763    i.acosf             m_ws.l(acosf.o)
    0x080051fc   0x00000254   Code   RO          771    i.atan2f            m_ws.l(atan2f.o)
    0x08005450   0x000009e0   Code   RO          779    i.pow               m_ws.l(pow.o)
    0x08005e30   0x0000004c   Code   RO          789    i.sqrt              m_ws.l(sqrt.o)
    0x08005e7c   0x0000002c   Code   RO          797    i.sqrtf             m_ws.l(sqrtf.o)
    0x08005ea8   0x00000062   Code   RO          700    x$fpl$d2f           fz_ws.l(d2f.o)
    0x08005f0a   0x00000002   PAD
    0x08005f0c   0x00000150   Code   RO          702    x$fpl$dadd          fz_ws.l(daddsub_clz.o)
    0x0800605c   0x00000010   Code   RO          859    x$fpl$dcheck1       fz_ws.l(dcheck1.o)
    0x0800606c   0x00000018   Code   RO          807    x$fpl$dcmpinf       fz_ws.l(dcmpi.o)
    0x08006084   0x000002b0   Code   RO          709    x$fpl$ddiv          fz_ws.l(ddiv.o)
    0x08006334   0x0000005e   Code   RO          712    x$fpl$dfix          fz_ws.l(dfix.o)
    0x08006392   0x0000002e   Code   RO          717    x$fpl$dflt          fz_ws.l(dflt_clz.o)
    0x080063c0   0x00000026   Code   RO          716    x$fpl$dfltu         fz_ws.l(dflt_clz.o)
    0x080063e6   0x00000002   PAD
    0x080063e8   0x00000078   Code   RO          722    x$fpl$dleqf         fz_ws.l(dleqf.o)
    0x08006460   0x00000154   Code   RO          724    x$fpl$dmul          fz_ws.l(dmul.o)
    0x080065b4   0x0000009c   Code   RO          809    x$fpl$dnaninf       fz_ws.l(dnaninf.o)
    0x08006650   0x0000000c   Code   RO          811    x$fpl$dretinf       fz_ws.l(dretinf.o)
    0x0800665c   0x0000006c   Code   RO          726    x$fpl$drleqf        fz_ws.l(drleqf.o)
    0x080066c8   0x00000016   Code   RO          703    x$fpl$drsb          fz_ws.l(daddsub_clz.o)
    0x080066de   0x00000002   PAD
    0x080066e0   0x000001cc   Code   RO          813    x$fpl$dsqrt         fz_ws.l(dsqrt_noumaal.o)
    0x080068ac   0x000001d4   Code   RO          704    x$fpl$dsub          fz_ws.l(daddsub_clz.o)
    0x08006a80   0x00000056   Code   RO          728    x$fpl$f2d           fz_ws.l(f2d.o)
    0x08006ad6   0x00000002   PAD
    0x08006ad8   0x000000c4   Code   RO          730    x$fpl$fadd          fz_ws.l(faddsub_clz.o)
    0x08006b9c   0x0000000c   Code   RO          861    x$fpl$fcheck1       fz_ws.l(fcheck1.o)
    0x08006ba8   0x00000018   Code   RO          815    x$fpl$fcmpinf       fz_ws.l(fcmpi.o)
    0x08006bc0   0x00000184   Code   RO          737    x$fpl$fdiv          fz_ws.l(fdiv.o)
    0x08006d44   0x00000068   Code   RO          740    x$fpl$feqf          fz_ws.l(feqf.o)
    0x08006dac   0x00000036   Code   RO          742    x$fpl$ffix          fz_ws.l(ffix.o)
    0x08006de2   0x00000002   PAD
    0x08006de4   0x0000003e   Code   RO          746    x$fpl$ffixu         fz_ws.l(ffixu.o)
    0x08006e22   0x00000002   PAD
    0x08006e24   0x00000030   Code   RO          751    x$fpl$fflt          fz_ws.l(fflt_clz.o)
    0x08006e54   0x00000026   Code   RO          750    x$fpl$ffltu         fz_ws.l(fflt_clz.o)
    0x08006e7a   0x00000002   PAD
    0x08006e7c   0x00000068   Code   RO          756    x$fpl$fleqf         fz_ws.l(fleqf.o)
    0x08006ee4   0x00000102   Code   RO          758    x$fpl$fmul          fz_ws.l(fmul.o)
    0x08006fe6   0x0000008c   Code   RO          817    x$fpl$fnaninf       fz_ws.l(fnaninf.o)
    0x08007072   0x0000000a   Code   RO          819    x$fpl$fretinf       fz_ws.l(fretinf.o)
    0x0800707c   0x00000062   Code   RO          760    x$fpl$frleqf        fz_ws.l(frleqf.o)
    0x080070de   0x00000014   Code   RO          731    x$fpl$frsb          fz_ws.l(faddsub_clz.o)
    0x080070f2   0x00000002   PAD
    0x080070f4   0x00000110   Code   RO          821    x$fpl$fsqrt         fz_ws.l(fsqrt.o)
    0x08007204   0x000000ea   Code   RO          732    x$fpl$fsub          fz_ws.l(faddsub_clz.o)
    0x080072ee   0x00000064   Code   RO          876    x$fpl$retnan        fz_ws.l(retnan.o)
    0x08007352   0x0000005c   Code   RO          823    x$fpl$scalbn        fz_ws.l(scalbn.o)
    0x080073ae   0x0000004c   Code   RO          825    x$fpl$scalbnf       fz_ws.l(scalbnf.o)
    0x080073fa   0x00000030   Code   RO          923    x$fpl$trapveneer    fz_ws.l(trapv.o)
    0x0800742a   0x00000000   Code   RO          827    x$fpl$usenofp       fz_ws.l(usenofp.o)
    0x0800742a   0x00000002   PAD
    0x0800742c   0x00000002   Data   RO           13    .constdata          main.o
    0x0800742e   0x0000001c   Data   RO          469    .constdata          tone.o
    0x0800744a   0x00000002   PAD
    0x0800744c   0x0000005a   Data   RO          601    .constdata          music.o
    0x080074a6   0x00000608   Data   RO          648    .constdata          musics.o
    0x08007aae   0x00000002   PAD
    0x08007ab0   0x00000088   Data   RO          780    .constdata          m_ws.l(pow.o)
    0x08007b38   0x00000008   Data   RO          838    .constdata          m_ws.l(qnan.o)
    0x08007b40   0x00000020   Data   RO         1001    Region$$Table       anon$$obj.o


    Execution Region RW_IRAM1 (Base: 0x20000000, Size: 0x000018a8, Max: 0x0000c000, ABSOLUTE, COMPRESSED[0x00000038])

    Base Addr    Size         Type   Attr      Idx    E Section Name        Object

    0x20000000   0x00000014   Data   RW          129    .data               system_stm32f10x.o
    0x20000014   0x00000004   Data   RW          155    .data               sysconfig.o
    0x20000018   0x00000014   Data   RW          205    .data               stm32f10x_rcc.o
    0x2000002c   0x00000006   Data   RW          327    .data               pwm.o
    0x20000032   0x00000006   Data   RW          353    .data               driver.o
    0x20000038   0x0000000e   Data   RW          393    .data               adc.o
    0x20000046   0x000000f2   Data   RW          420    .data               uart.o
    0x20000138   0x0000002c   Data   RW          443    .data               imu.o
    0x20000164   0x00000004   Data   RW          470    .data               tone.o
    0x20000168   0x00000022   Data   RW          527    .data               speed.o
    0x2000018a   0x00000005   Data   RW          551    .data               com.o
    0x2000018f   0x00000001   PAD
    0x20000190   0x00000018   Data   RW          575    .data               angle.o
    0x200001a8   0x00000015   Data   RW          602    .data               music.o
    0x200001bd   0x00000001   PAD
    0x200001be   0x00000010   Data   RW          674    .data               points.o
    0x200001ce   0x00000002   PAD
    0x200001d0   0x0000000c   Zero   RW          392    .bss                adc.o
    0x200001dc   0x00000044   Zero   RW          419    .bss                uart.o
    0x20000220   0x00000020   Zero   RW          526    .bss                speed.o
    0x20000240   0x00000028   Zero   RW          550    .bss                com.o
    0x20000268   0x00000fdc   Zero   RW          574    .bss                angle.o
    0x20001244   0x00000060   Zero   RW          864    .bss                c_w.l(libspace.o)
    0x200012a4   0x00000004   PAD
    0x200012a8   0x00000200   Zero   RW            2    HEAP                startup_stm32f10x_hd.o
    0x200014a8   0x00000400   Zero   RW            1    STACK               startup_stm32f10x_hd.o


==============================================================================

Image component sizes


      Code (inc. data)   RO Data    RW Data    ZI Data      Debug   Object Name

       584         28          0         14         12       2374   adc.o
      1384        114          0         24       4060       3965   angle.o
        60          0          0          0          0       1104   calc.o
       196         18          0          5         40       1691   com.o
       140          6          0          6          0       2510   driver.o
        50          0          0          0          0        658   exec.o
      1888         64          0         44          0       5584   imu.o
       260         16          2          0          0     273827   main.o
       220         20          0          0          0       1749   misc.o
      1268         62         90         21          0       5007   music.o
       320         18       1544          0          0       1952   musics.o
       952         52          0         16          0       3378   points.o
       500         22          0          6          0       2054   pwm.o
      1660        102          0         34         32       4385   speed.o
        64         26        304          0       1536        744   startup_stm32f10x_hd.o
      1102         26          0          0          0      10777   stm32f10x_adc.o
       592          8          0          0          0       4274   stm32f10x_dma.o
       856         40          0          0          0       5589   stm32f10x_gpio.o
        44          4          0          0          0       1242   stm32f10x_it.o
       932         44          0         20          0       8712   stm32f10x_rcc.o
      3610         88          0          0          0      22076   stm32f10x_tim.o
      1032         22          0          0          0       8316   stm32f10x_usart.o
       136         18          0          4          0      23397   sysconfig.o
       476         36          0         20          0       1651   system_stm32f10x.o
       676         24         28          4          0       2542   tone.o
       744         54          0        242         68       2691   uart.o

    ----------------------------------------------------------------------
     19752        912       2004        464       5748     402249   Object Totals
         0          0         32          0          0          0   (incl. Generated)
         6          0          4          4          0          0   (incl. Padding)

    ----------------------------------------------------------------------

      Code (inc. data)   RO Data    RW Data    ZI Data      Debug   Library Member Name

        90          0          0          0          0          0   __dczerorl2.o
         8          0          0          0          0         68   __main.o
        52          8          0          0          0          0   __scatter.o
        28          0          0          0          0          0   __scatter_zi.o
        22          0          0          0          0        100   _rserrno.o
        12          0          0          0          0         72   exit.o
         6          0          0          0          0        152   heapauxi.o
         0          0          0          0          0          0   indicate_semi.o
         2          0          0          0          0          0   libinit.o
         2          0          0          0          0          0   libinit2.o
         2          0          0          0          0          0   libshutdown.o
         2          0          0          0          0          0   libshutdown2.o
         8          4          0          0         96         68   libspace.o
         8          4          0          0          0         68   rt_errno_addr_intlibspace.o
         0          0          0          0          0          0   rtentry.o
        12          0          0          0          0          0   rtentry2.o
         6          0          0          0          0          0   rtentry4.o
         2          0          0          0          0          0   rtexit.o
        10          0          0          0          0          0   rtexit2.o
        12          4          0          0          0         68   sys_exit.o
        74          0          0          0          0         80   sys_stackheap_outer.o
         2          0          0          0          0         68   use_no_semi.o
        98          4          0          0          0         92   d2f.o
       826         16          0          0          0        348   daddsub_clz.o
        16          4          0          0          0         68   dcheck1.o
        24          0          0          0          0         68   dcmpi.o
       688        140          0          0          0        208   ddiv.o
        94          4          0          0          0         92   dfix.o
        84          0          0          0          0        136   dflt_clz.o
       120          4          0          0          0         92   dleqf.o
       340         12          0          0          0        104   dmul.o
       156          4          0          0          0         92   dnaninf.o
        12          0          0          0          0         68   dretinf.o
       108          0          0          0          0         80   drleqf.o
       460         56          0          0          0        120   dsqrt_noumaal.o
        86          4          0          0          0         84   f2d.o
       450          8          0          0          0        236   faddsub_clz.o
        12          4          0          0          0         68   fcheck1.o
        24          0          0          0          0         68   fcmpi.o
       388         76          0          0          0         96   fdiv.o
       104          4          0          0          0         84   feqf.o
        54          4          0          0          0         84   ffix.o
        62          4          0          0          0         84   ffixu.o
        86          0          0          0          0        136   fflt_clz.o
       104          4          0          0          0         84   fleqf.o
       258          4          0          0          0         84   fmul.o
       140          4          0          0          0         84   fnaninf.o
        10          0          0          0          0         68   fretinf.o
        98          0          0          0          0         68   frleqf.o
       272        100          0          0          0         88   fsqrt.o
       100          0          0          0          0         68   retnan.o
        92          0          0          0          0         68   scalbn.o
        76          0          0          0          0         68   scalbnf.o
        48          0          0          0          0         68   trapv.o
         0          0          0          0          0          0   usenofp.o
       288         40          0          0          0        120   acosf.o
       596         76          0          0          0        116   atan2f.o
        16          6          0          0          0         68   dunder.o
        40          0          0          0          0         68   fpclassify.o
        38          0          0          0          0         68   fpclassifyf.o
        10          0          0          0          0         68   funder.o
       170          0          0          0          0         96   poly.o
      2528        190        136          0          0        332   pow.o
         0          0          8          0          0          0   qnan.o
        76          0          0          0          0         84   sqrt.o
        44          0          0          0          0         80   sqrtf.o

    ----------------------------------------------------------------------
      9684        792        144          0        100       5100   Library Totals
        28          0          0          0          4          0   (incl. Padding)

    ----------------------------------------------------------------------

      Code (inc. data)   RO Data    RW Data    ZI Data      Debug   Library Name

       360         20          0          0         96        744   c_w.l
      5490        460          0          0          0       3256   fz_ws.l
      3806        312        144          0          0       1100   m_ws.l

    ----------------------------------------------------------------------
      9684        792        144          0        100       5100   Library Totals

    ----------------------------------------------------------------------

==============================================================================


      Code (inc. data)   RO Data    RW Data    ZI Data      Debug   

     29436       1704       2148        464       5848     401629   Grand Totals
     29436       1704       2148         56       5848     401629   ELF Image Totals (compressed)
     29436       1704       2148         56          0          0   ROM Totals

==============================================================================

    Total RO  Size (Code + RO Data)                31584 (  30.84kB)
    Total RW  Size (RW Data + ZI Data)              6312 (   6.16kB)
    Total ROM Size (Code + RO Data + RW Data)      31640 (  30.90kB)

==============================================================================

